Component: ARM Compiler 5.06 update 7 (build 960) Tool: armlink [4d3601]

==============================================================================

Section Cross References

    asciilib.o(.text) refers to rt_memcpy_v6.o(.text) for __aeabi_memcpy
    asciilib.o(.text) refers to asciilib.o(.constdata) for AsciiLib
    glcd.o(.text) refers to glcd.o(.data) for LCD_Code
    glcd.o(.text) refers to asciilib.o(.text) for GetASCIICode
    hzlib.o(.text) refers to rt_memcpy_v6.o(.text) for __aeabi_memcpy
    hzlib.o(.text) refers to hzlib.o(.constdata) for HzLib
    startup_lpc17xx.o(STACK) refers (Special) to heapauxi.o(.text) for __use_two_region_memory
    startup_lpc17xx.o(HEAP) refers (Special) to heapauxi.o(.text) for __use_two_region_memory
    startup_lpc17xx.o(RESET) refers (Special) to heapauxi.o(.text) for __use_two_region_memory
    startup_lpc17xx.o(RESET) refers to startup_lpc17xx.o(STACK) for __initial_sp
    startup_lpc17xx.o(RESET) refers to startup_lpc17xx.o(.text) for Reset_Handler
    startup_lpc17xx.o(RESET) refers to irq_timer.o(.text) for TIMER0_IRQHandler
    startup_lpc17xx.o(RESET) refers to irq_button.o(.text) for EINT0_IRQHandler
    startup_lpc17xx.o(RESET) refers to irq_can.o(.text) for CAN_IRQHandler
    startup_lpc17xx.o(RESET) refers to irq_rit.o(.text) for RIT_IRQHandler
    startup_lpc17xx.o(.ARM.__at_0x02FC) refers (Special) to heapauxi.o(.text) for __use_two_region_memory
    startup_lpc17xx.o(.text) refers (Special) to heapauxi.o(.text) for __use_two_region_memory
    startup_lpc17xx.o(.text) refers to __main.o(!!!main) for __main
    startup_lpc17xx.o(.text) refers to startup_lpc17xx.o(HEAP) for Heap_Mem
    startup_lpc17xx.o(.text) refers to startup_lpc17xx.o(STACK) for Stack_Mem
    sample.o(.text) refers to system_lpc17xx.o(.text) for SystemInit
    sample.o(.text) refers to lib_button.o(.text) for BUTTON_init
    sample.o(.text) refers to rand.o(.text) for srand
    sample.o(.text) refers to glcd.o(.text) for LCD_Initialization
    sample.o(.text) refers to touchpanel.o(.text) for TP_Init
    sample.o(.text) refers to lib_rit.o(.text) for init_RIT
    sample.o(.text) refers to can_lib.o(.text) for CAN_Init
    sample.o(.text) refers to can_func.o(.text) for launch_sync
    sample.o(.text) refers to flappy_bird.o(.text) for game_set
    system_lpc17xx.o(.text) refers to system_lpc17xx.o(.data) for SystemFrequency
    irq_timer.o(.text) refers to flappy_bird.o(.text) for game_loop
    irq_timer.o(.text) refers to can_func.o(.text) for launch_sync
    irq_timer.o(.text) refers to lib_timer.o(.text) for disable_timer
    irq_timer.o(.text) refers to irq_timer.o(.data) for SinTable
    can_lib.o(.text) refers to system_lpc17xx.o(.data) for SystemFrequency
    irq_can.o(.text) refers to _printf_percent.o(.ARM.Collect$$_printf_percent$$00000000) for _printf_percent
    irq_can.o(.text) refers to _printf_d.o(.ARM.Collect$$_printf_percent$$00000009) for _printf_d
    irq_can.o(.text) refers to _printf_dec.o(.text) for _printf_int_dec
    irq_can.o(.text) refers to can_lib.o(.text) for CAN_Send
    irq_can.o(.text) refers to can_func.o(.text) for send_syncrq
    irq_can.o(.text) refers to noretval__2sprintf.o(.text) for __2sprintf
    irq_can.o(.text) refers to glcd.o(.text) for GUI_Text
    irq_can.o(.text) refers to flappy_bird.o(.text) for game_set
    irq_can.o(.text) refers to rand.o(.emb_text) for rand
    irq_can.o(.text) refers to irq_can.o(.data) for ch2_count
    irq_can.o(.text) refers to irq_can.o(.bss) for str
    irq_can.o(.text) refers to irq_rit.o(.data) for lobby
    can_func.o(.text) refers to irq_can.o(.text) for print_debug
    can_func.o(.text) refers to can_lib.o(.text) for CAN_Send
    can_func.o(.text) refers to can_lib.o(.bss) for send_data
    can_func.o(.text) refers to irq_rit.o(.data) for lobby
    can_func.o(.text) refers to irq_can.o(.data) for ch1_count
    irq_button.o(.text) refers to irq_rit.o(.data) for down_INT0
    irq_rit.o(.text) refers to _printf_percent.o(.ARM.Collect$$_printf_percent$$00000000) for _printf_percent
    irq_rit.o(.text) refers to _printf_d.o(.ARM.Collect$$_printf_percent$$00000009) for _printf_d
    irq_rit.o(.text) refers to _printf_dec.o(.text) for _printf_int_dec
    irq_rit.o(.text) refers to noretval__2sprintf.o(.text) for __2sprintf
    irq_rit.o(.text) refers to glcd.o(.text) for GUI_Text
    irq_rit.o(.text) refers to can_func.o(.text) for launch_sync
    irq_rit.o(.text) refers to lib_timer.o(.text) for disable_timer
    irq_rit.o(.text) refers to irq_rit.o(.data) for down_INT0
    irq_rit.o(.text) refers to flappy_bird.o(.data) for GAME_STATUS
    irq_rit.o(.text) refers to irq_can.o(.data) for ch2_same_lobby_count
    touchpanel.o(.text) refers to glcd.o(.text) for LCD_SetPoint
    touchpanel.o(.text) refers to rt_memclr_w.o(.text) for __aeabi_memclr4
    touchpanel.o(.text) refers to dflt_clz.o(x$fpl$dflt) for __aeabi_i2d
    touchpanel.o(.text) refers to deqf.o(x$fpl$deqf) for __aeabi_cdcmpeq
[...]
    __printf_flags_ss_wp.o(.text) refers to __printf_wp.o(i._is_digit) for _is_digit
    __printf_flags_ss_wp.o(.text) refers to _printf_percent.o(.ARM.Collect$$_printf_percent$$00000000) for _printf_percent
    __printf_flags_ss_wp.o(.text) refers to __printf_flags_ss_wp.o(.constdata) for .constdata
    _printf_d.o(.ARM.Collect$$_printf_percent$$00000009) refers (Weak) to _printf_dec.o(.text) for _printf_int_dec
    _printf_percent.o(.ARM.Collect$$_printf_percent$$00000000) refers (Special) to _printf_percent_end.o(.ARM.Collect$$_printf_percent$$00000017) for _printf_percent_end
    rand.o(.emb_text) refers (Special) to libinit2.o(.ARM.Collect$$libinit$$0000000D) for __rt_lib_init_rand_2
    rand.o(.emb_text) refers to rand.o(.text) for _rand_init
    rand.o(.emb_text) refers to rand.o(.bss) for _random_number_data
    rand.o(.text) refers (Special) to libinit2.o(.ARM.Collect$$libinit$$0000000D) for __rt_lib_init_rand_2
    rand.o(.text) refers to rand.o(.bss) for .bss
    rand.o(.bss) refers (Special) to libinit2.o(.ARM.Collect$$libinit$$0000000D) for __rt_lib_init_rand_2
    rt_memcpy_v6.o(.text) refers to rt_memcpy_w.o(.text) for __aeabi_memcpy4
    __main.o(!!!main) refers to __rtentry.o(.ARM.Collect$$rtentry$$00000000) for __rt_entry
    daddsub_clz.o(x$fpl$dadd) refers (Special) to usenofp.o(x$fpl$usenofp) for __I$use$fp
    daddsub_clz.o(x$fpl$dadd) refers to daddsub_clz.o(x$fpl$dsub) for _dsub1
    daddsub_clz.o(x$fpl$dadd) refers to dretinf.o(x$fpl$dretinf) for __fpl_dretinf
    daddsub_clz.o(x$fpl$dadd) refers to dnaninf.o(x$fpl$dnaninf) for __fpl_dnaninf
    daddsub_clz.o(x$fpl$drsb) refers (Special) to usenofp.o(x$fpl$usenofp) for __I$use$fp
    daddsub_clz.o(x$fpl$drsb) refers to daddsub_clz.o(x$fpl$dadd) for _dadd1
    daddsub_clz.o(x$fpl$drsb) refers to daddsub_clz.o(x$fpl$dsub) for _dsub1
    daddsub_clz.o(x$fpl$dsub) refers (Special) to usenofp.o(x$fpl$usenofp) for __I$use$fp
    daddsub_clz.o(x$fpl$dsub) refers to daddsub_clz.o(x$fpl$dadd) for _dadd1
    daddsub_clz.o(x$fpl$dsub) refers to dnaninf.o(x$fpl$dnaninf) for __fpl_dnaninf
    ddiv.o(x$fpl$drdiv) refers (Special) to usenofp.o(x$fpl$usenofp) for __I$use$fp
    ddiv.o(x$fpl$drdiv) refers to ddiv.o(x$fpl$ddiv) for ddiv_entry
    ddiv.o(x$fpl$ddiv) refers (Special) to usenofp.o(x$fpl$usenofp) for __I$use$fp
    ddiv.o(x$fpl$ddiv) refers to dretinf.o(x$fpl$dretinf) for __fpl_dretinf
    ddiv.o(x$fpl$ddiv) refers to dnaninf.o(x$fpl$dnaninf) for __fpl_dnaninf
    deqf.o(x$fpl$deqf) refers (Special) to usenofp.o(x$fpl$usenofp) for __I$use$fp
    deqf.o(x$fpl$deqf) refers to dnaninf.o(x$fpl$dnaninf) for __fpl_dnaninf
    deqf.o(x$fpl$deqf) refers to dcmpi.o(x$fpl$dcmpinf) for __fpl_dcmp_Inf
    dfixu.o(x$fpl$dfixu) refers (Special) to usenofp.o(x$fpl$usenofp) for __I$use$fp
    dfixu.o(x$fpl$dfixu) refers to dnaninf.o(x$fpl$dnaninf) for __fpl_dnaninf
    dfixu.o(x$fpl$dfixur) refers (Special) to usenofp.o(x$fpl$usenofp) for __I$use$fp
    dfixu.o(x$fpl$dfixur) refers to dnaninf.o(x$fpl$dnaninf) for __fpl_dnaninf
    dflt_clz.o(x$fpl$dfltu) refers (Special) to usenofp.o(x$fpl$usenofp) for __I$use$fp
    dflt_clz.o(x$fpl$dflt) refers (Special) to usenofp.o(x$fpl$usenofp) for __I$use$fp
    dflt_clz.o(x$fpl$dfltn) refers (Special) to usenofp.o(x$fpl$usenofp) for __I$use$fp
    dmul.o(x$fpl$dmul) refers (Special) to usenofp.o(x$fpl$usenofp) for __I$use$fp
    dmul.o(x$fpl$dmul) refers to dretinf.o(x$fpl$dretinf) for __fpl_dretinf
    dmul.o(x$fpl$dmul) refers to dnaninf.o(x$fpl$dnaninf) for __fpl_dnaninf
    __rtentry.o(.ARM.Collect$$rtentry$$00000000) refers (Special) to __rtentry2.o(.ARM.Collect$$rtentry$$0000000A) for __rt_entry_li
    __rtentry.o(.ARM.Collect$$rtentry$$00000000) refers (Special) to __rtentry2.o(.ARM.Collect$$rtentry$$0000000D) for __rt_entry_main
    __rtentry.o(.ARM.Collect$$rtentry$$00000000) refers (Special) to __rtentry2.o(.ARM.Collect$$rtentry$$0000000C) for __rt_entry_postli_1
    __rtentry.o(.ARM.Collect$$rtentry$$00000000) refers (Special) to __rtentry2.o(.ARM.Collect$$rtentry$$00000009) for __rt_entry_postsh_1
    __rtentry.o(.ARM.Collect$$rtentry$$00000000) refers (Special) to __rtentry2.o(.ARM.Collect$$rtentry$$00000002) for __rt_entry_presh_1
    __rtentry.o(.ARM.Collect$$rtentry$$00000000) refers (Special) to __rtentry4.o(.ARM.Collect$$rtentry$$00000004) for __rt_entry_sh
    _printf_char_common.o(.text) refers to __printf.o(.text) for __printf
    libinit2.o(.ARM.Collect$$libinit$$0000000D) refers (Weak) to rand.o(.text) for _rand_init
    libinit2.o(.ARM.Collect$$libinit$$00000010) refers to libinit2.o(.ARM.Collect$$libinit$$0000000F) for .ARM.Collect$$libinit$$0000000F
    libinit2.o(.ARM.Collect$$libinit$$00000012) refers to libinit2.o(.ARM.Collect$$libinit$$0000000F) for .ARM.Collect$$libinit$$0000000F
    libinit2.o(.ARM.Collect$$libinit$$00000014) refers to libinit2.o(.ARM.Collect$$libinit$$0000000F) for .ARM.Collect$$libinit$$0000000F
    libinit2.o(.ARM.Collect$$libinit$$00000016) refers to libinit2.o(.ARM.Collect$$libinit$$0000000F) for .ARM.Collect$$libinit$$0000000F
    libinit2.o(.ARM.Collect$$libinit$$00000018) refers to libinit2.o(.ARM.Collect$$libinit$$0000000F) for .ARM.Collect$$libinit$$0000000F
    libinit2.o(.ARM.Collect$$libinit$$00000026) refers to argv_veneer.o(.emb_text) for __ARM_argv_veneer
    libinit2.o(.ARM.Collect$$libinit$$00000027) refers to argv_veneer.o(.emb_text) for __ARM_argv_veneer
    dcmpi.o(x$fpl$dcmpinf) refers (Special) to usenofp.o(x$fpl$usenofp) for __I$use$fp
    dnaninf.o(x$fpl$dnaninf) refers (Special) to usenofp.o(x$fpl$usenofp) for __I$use$fp
    dretinf.o(x$fpl$dretinf) refers (Special) to usenofp.o(x$fpl$usenofp) for __I$use$fp
    __rtentry2.o(.ARM.Collect$$rtentry$$00000008) refers to boardinit2.o(.text) for _platform_post_stackheap_init
    __rtentry2.o(.ARM.Collect$$rtentry$$0000000A) refers to libinit.o(.ARM.Collect$$libinit$$00000000) for __rt_lib_init
    __rtentry2.o(.ARM.Collect$$rtentry$$0000000B) refers to boardinit3.o(.text) for _platform_post_lib_init
    __rtentry2.o(.ARM.Collect$$rtentry$$0000000D) refers to sample.o(.text) for main
    __rtentry2.o(.ARM.Collect$$rtentry$$0000000D) refers to exit.o(.text) for exit
    __rtentry2.o(.ARM.exidx) refers to __rtentry2.o(.ARM.Collect$$rtentry$$00000001) for .ARM.Collect$$rtentry$$00000001
    __rtentry2.o(.ARM.exidx) refers to __rtentry2.o(.ARM.Collect$$rtentry$$00000008) for .ARM.Collect$$rtentry$$00000008
    __rtentry2.o(.ARM.exidx) refers to __rtentry2.o(.ARM.Collect$$rtentry$$0000000A) for .ARM.Collect$$rtentry$$0000000A
    __rtentry2.o(.ARM.exidx) refers to __rtentry2.o(.ARM.Collect$$rtentry$$0000000B) for .ARM.Collect$$rtentry$$0000000B
    __rtentry2.o(.ARM.exidx) refers to __rtentry2.o(.ARM.Collect$$rtentry$$0000000D) for .ARM.Collect$$rtentry$$0000000D
    __rtentry4.o(.ARM.Collect$$rtentry$$00000004) refers to sys_stackheap_outer.o(.text) for __user_setup_stackheap
    __rtentry4.o(.ARM.exidx) refers to __rtentry4.o(.ARM.Collect$$rtentry$$00000004) for .ARM.Collect$$rtentry$$00000004
    argv_veneer.o(.emb_text) refers to no_argv.o(.text) for __ARM_get_argv
    sys_stackheap_outer.o(.text) refers to libspace.o(.text) for __user_perproc_libspace
    sys_stackheap_outer.o(.text) refers to startup_lpc17xx.o(.text) for __user_initial_stackheap
    exit.o(.text) refers to rtexit.o(.ARM.Collect$$rtexit$$00000000) for __rt_exit
    _get_argv_nomalloc.o(.text) refers (Special) to hrguard.o(.text) for __heap_region$guard
    _get_argv_nomalloc.o(.text) refers to defsig_rtmem_outer.o(.text) for __rt_SIGRTMEM
    _get_argv_nomalloc.o(.text) refers to sys_command.o(.text) for _sys_command_string
    libinit.o(.ARM.Collect$$libinit$$00000000) refers (Special) to libinit2.o(.ARM.Collect$$libinit$$0000002E) for __rt_lib_init_alloca_1
    libinit.o(.ARM.Collect$$libinit$$00000000) refers (Special) to libinit2.o(.ARM.Collect$$libinit$$0000002C) for __rt_lib_init_argv_1
    libinit.o(.ARM.Collect$$libinit$$00000000) refers (Special) to libinit2.o(.ARM.Collect$$libinit$$0000001B) for __rt_lib_init_atexit_1
    libinit.o(.ARM.Collect$$libinit$$00000000) refers (Special) to libinit2.o(.ARM.Collect$$libinit$$00000021) for __rt_lib_init_clock_1
    libinit.o(.ARM.Collect$$libinit$$00000000) refers (Special) to libinit2.o(.ARM.Collect$$libinit$$00000032) for __rt_lib_init_cpp_1
    libinit.o(.ARM.Collect$$libinit$$00000000) refers (Special) to libinit2.o(.ARM.Collect$$libinit$$00000030) for __rt_lib_init_exceptions_1
    libinit.o(.ARM.Collect$$libinit$$00000000) refers (Special) to libinit2.o(.ARM.Collect$$libinit$$00000002) for __rt_lib_init_fp_1
    libinit.o(.ARM.Collect$$libinit$$00000000) refers (Special) to libinit2.o(.ARM.Collect$$libinit$$0000001F) for __rt_lib_init_fp_trap_1
    libinit.o(.ARM.Collect$$libinit$$00000000) refers (Special) to libinit2.o(.ARM.Collect$$libinit$$00000023) for __rt_lib_init_getenv_1
    libinit.o(.ARM.Collect$$libinit$$00000000) refers (Special) to libinit2.o(.ARM.Collect$$libinit$$0000000A) for __rt_lib_init_heap_1
    libinit.o(.ARM.Collect$$libinit$$00000000) refers (Special) to libinit2.o(.ARM.Collect$$libinit$$00000011) for __rt_lib_init_lc_collate_1
    libinit.o(.ARM.Collect$$libinit$$00000000) refers (Special) to libinit2.o(.ARM.Collect$$libinit$$00000013) for __rt_lib_init_lc_ctype_1
    libinit.o(.ARM.Collect$$libinit$$00000000) refers (Special) to libinit2.o(.ARM.Collect$$libinit$$00000015) for __rt_lib_init_lc_monetary_1
    libinit.o(.ARM.Collect$$libinit$$00000000) refers (Special) to libinit2.o(.ARM.Collect$$libinit$$00000017) for __rt_lib_init_lc_numeric_1
    libinit.o(.ARM.Collect$$libinit$$00000000) refers (Special) to libinit2.o(.ARM.Collect$$libinit$$00000019) for __rt_lib_init_lc_time_1
    libinit.o(.ARM.Collect$$libinit$$00000000) refers (Special) to libinit2.o(.ARM.Collect$$libinit$$00000004) for __rt_lib_init_preinit_1
    libinit.o(.ARM.Collect$$libinit$$00000000) refers (Special) to libinit2.o(.ARM.Collect$$libinit$$0000000E) for __rt_lib_init_rand_1
    libinit.o(.ARM.Collect$$libinit$$00000000) refers (Special) to libinit2.o(.ARM.Collect$$libinit$$00000033) for __rt_lib_init_return
    libinit.o(.ARM.Collect$$libinit$$00000000) refers (Special) to libinit2.o(.ARM.Collect$$libinit$$0000001D) for __rt_lib_init_signal_1
    libinit.o(.ARM.Collect$$libinit$$00000000) refers (Special) to libinit2.o(.ARM.Collect$$libinit$$00000025) for __rt_lib_init_stdio_1
    libinit.o(.ARM.Collect$$libinit$$00000000) refers (Special) to libinit2.o(.ARM.Collect$$libinit$$0000000C) for __rt_lib_init_user_alloc_1
    sys_command.o(.text) refers (Special) to use_no_semi.o(.text) for __I$use$semihosting
    sys_command.o(.text) refers (Special) to indicate_semi.o(.text) for __semihosting_library_function
    libspace.o(.text) refers to libspace.o(.bss) for __libspace_start
    rtexit.o(.ARM.Collect$$rtexit$$00000000) refers (Special) to rtexit2.o(.ARM.Collect$$rtexit$$00000004) for __rt_exit_exit
    rtexit.o(.ARM.Collect$$rtexit$$00000000) refers (Special) to rtexit2.o(.ARM.Collect$$rtexit$$00000003) for __rt_exit_ls
    rtexit.o(.ARM.Collect$$rtexit$$00000000) refers (Special) to rtexit2.o(.ARM.Collect$$rtexit$$00000002) for __rt_exit_prels_1
    rtexit.o(.ARM.exidx) refers (Special) to rtexit2.o(.ARM.Collect$$rtexit$$00000004) for __rt_exit_exit
    rtexit.o(.ARM.exidx) refers (Special) to rtexit2.o(.ARM.Collect$$rtexit$$00000003) for __rt_exit_ls
    rtexit.o(.ARM.exidx) refers (Special) to rtexit2.o(.ARM.Collect$$rtexit$$00000002) for __rt_exit_prels_1
    rtexit.o(.ARM.exidx) refers to rtexit.o(.ARM.Collect$$rtexit$$00000000) for .ARM.Collect$$rtexit$$00000000
    defsig_rtmem_outer.o(.text) refers to defsig_rtmem_inner.o(.text) for __rt_SIGRTMEM_inner
    defsig_rtmem_outer.o(.text) refers to defsig_exit.o(.text) for __sig_exit
    defsig_rtmem_formal.o(.text) refers to rt_raise.o(.text) for __rt_raise
    rtexit2.o(.ARM.Collect$$rtexit$$00000003) refers to libshutdown.o(.ARM.Collect$$libshutdown$$00000000) for __rt_lib_shutdown
    rtexit2.o(.ARM.Collect$$rtexit$$00000004) refers to sys_exit.o(.text) for _sys_exit
    rtexit2.o(.ARM.exidx) refers to rtexit2.o(.ARM.Collect$$rtexit$$00000001) for .ARM.Collect$$rtexit$$00000001
    rtexit2.o(.ARM.exidx) refers to rtexit2.o(.ARM.Collect$$rtexit$$00000003) for .ARM.Collect$$rtexit$$00000003
    rtexit2.o(.ARM.exidx) refers to rtexit2.o(.ARM.Collect$$rtexit$$00000004) for .ARM.Collect$$rtexit$$00000004
    rt_raise.o(.text) refers to __raise.o(.text) for __raise
    rt_raise.o(.text) refers to sys_exit.o(.text) for _sys_exit
    defsig_exit.o(.text) refers to sys_exit.o(.text) for _sys_exit
    defsig_rtmem_inner.o(.text) refers to defsig_general.o(.text) for __default_signal_display
    sys_exit.o(.text) refers (Special) to use_no_semi.o(.text) for __I$use$semihosting
    sys_exit.o(.text) refers (Special) to indicate_semi.o(.text) for __semihosting_library_function
    __raise.o(.text) refers to defsig.o(CL$$defsig) for __default_signal_handler
    defsig_general.o(.text) refers to sys_wrch.o(.text) for _ttywrch
    libshutdown.o(.ARM.Collect$$libshutdown$$00000000) refers (Special) to libshutdown2.o(.ARM.Collect$$libshutdown$$00000004) for __rt_lib_shutdown_cpp_1
    libshutdown.o(.ARM.Collect$$libshutdown$$00000000) refers (Special) to libshutdown2.o(.ARM.Collect$$libshutdown$$00000002) for __rt_lib_shutdown_fini_1
    libshutdown.o(.ARM.Collect$$libshutdown$$00000000) refers (Special) to libshutdown2.o(.ARM.Collect$$libshutdown$$00000009) for __rt_lib_shutdown_fp_trap_1
    libshutdown.o(.ARM.Collect$$libshutdown$$00000000) refers (Special) to libshutdown2.o(.ARM.Collect$$libshutdown$$00000011) for __rt_lib_shutdown_heap_1
    libshutdown.o(.ARM.Collect$$libshutdown$$00000000) refers (Special) to libshutdown2.o(.ARM.Collect$$libshutdown$$00000012) for __rt_lib_shutdown_return
    libshutdown.o(.ARM.Collect$$libshutdown$$00000000) refers (Special) to libshutdown2.o(.ARM.Collect$$libshutdown$$0000000C) for __rt_lib_shutdown_signal_1
    libshutdown.o(.ARM.Collect$$libshutdown$$00000000) refers (Special) to libshutdown2.o(.ARM.Collect$$libshutdown$$00000006) for __rt_lib_shutdown_stdio_1
    libshutdown.o(.ARM.Collect$$libshutdown$$00000000) refers (Special) to libshutdown2.o(.ARM.Collect$$libshutdown$$0000000E) for __rt_lib_shutdown_user_alloc_1
    sys_wrch.o(.text) refers (Special) to use_no_semi.o(.text) for __I$use$semihosting
    sys_wrch.o(.text) refers (Special) to indicate_semi.o(.text) for __semihosting_library_function
    defsig.o(CL$$defsig) refers to defsig_rtmem_inner.o(.text) for __rt_SIGRTMEM_inner
    defsig_abrt_inner.o(.text) refers to defsig_general.o(.text) for __default_signal_display
    defsig_fpe_inner.o(.text) refers to defsig_general.o(.text) for __default_signal_display
    defsig_rtred_inner.o(.text) refers to defsig_general.o(.text) for __default_signal_display
    defsig_stak_inner.o(.text) refers to defsig_general.o(.text) for __default_signal_display
    defsig_pvfn_inner.o(.text) refers to defsig_general.o(.text) for __default_signal_display
    defsig_cppl_inner.o(.text) refers to defsig_general.o(.text) for __default_signal_display
    defsig_segv_inner.o(.text) refers to defsig_general.o(.text) for __default_signal_display
    defsig_other.o(.text) refers to defsig_general.o(.text) for __default_signal_display


==============================================================================

Removing Unused input sections from the image.

    Removing glcd.o(.rev16_text), (4 bytes).
    Removing glcd.o(.revsh_text), (4 bytes).
    Removing glcd.o(.rrx_text), (6 bytes).
    Removing hzlib.o(.text), (52 bytes).
    Removing hzlib.o(.constdata), (216576 bytes).
    Removing sample.o(.rev16_text), (4 bytes).
    Removing sample.o(.revsh_text), (4 bytes).
    Removing sample.o(.rrx_text), (6 bytes).
    Removing core_cm3.o(.emb_text), (32 bytes).
    Removing system_lpc17xx.o(.rev16_text), (4 bytes).
    Removing system_lpc17xx.o(.revsh_text), (4 bytes).
    Removing system_lpc17xx.o(.rrx_text), (6 bytes).
    Removing irq_timer.o(.rev16_text), (4 bytes).
    Removing irq_timer.o(.revsh_text), (4 bytes).
    Removing irq_timer.o(.rrx_text), (6 bytes).
    Removing lib_timer.o(.rev16_text), (4 bytes).
    Removing lib_timer.o(.revsh_text), (4 bytes).
    Removing lib_timer.o(.rrx_text), (6 bytes).
    Removing can_lib.o(.rev16_text), (4 bytes).
    Removing can_lib.o(.revsh_text), (4 bytes).
    Removing can_lib.o(.rrx_text), (6 bytes).
    Removing irq_can.o(.rev16_text), (4 bytes).
    Removing irq_can.o(.revsh_text), (4 bytes).
    Removing irq_can.o(.rrx_text), (6 bytes).
    Removing can_func.o(.rev16_text), (4 bytes).
    Removing can_func.o(.revsh_text), (4 bytes).
    Removing can_func.o(.rrx_text), (6 bytes).
    Removing irq_button.o(.rev16_text), (4 bytes).
    Removing irq_button.o(.revsh_text), (4 bytes).
    Removing irq_button.o(.rrx_text), (6 bytes).
    Removing lib_button.o(.rev16_text), (4 bytes).
    Removing lib_button.o(.revsh_text), (4 bytes).
    Removing lib_button.o(.rrx_text), (6 bytes).
    Removing irq_rit.o(.rev16_text), (4 bytes).
    Removing irq_rit.o(.revsh_text), (4 bytes).
    Removing irq_rit.o(.rrx_text), (6 bytes).
    Removing irq_rit.o(.bss), (20 bytes).
    Removing lib_rit.o(.rev16_text), (4 bytes).
    Removing lib_rit.o(.revsh_text), (4 bytes).
    Removing lib_rit.o(.rrx_text), (6 bytes).
    Removing funct_joystick.o(.rev16_text), (4 bytes).
    Removing funct_joystick.o(.revsh_text), (4 bytes).
    Removing funct_joystick.o(.rrx_text), (6 bytes).
    Removing funct_joystick.o(.text), (2 bytes).
    Removing lib_joystick.o(.rev16_text), (4 bytes).
    Removing lib_joystick.o(.revsh_text), (4 bytes).
    Removing lib_joystick.o(.rrx_text), (6 bytes).
    Removing lib_joystick.o(.text), (132 bytes).
    Removing touchpanel.o(.rev16_text), (4 bytes).
    Removing touchpanel.o(.revsh_text), (4 bytes).
    Removing touchpanel.o(.rrx_text), (6 bytes).
    Removing flappy_bird.o(.rev16_text), (4 bytes).
    Removing flappy_bird.o(.revsh_text), (4 bytes).
    Removing flappy_bird.o(.rrx_text), (6 bytes).
    Removing flappy_bird.o(.constdata), (4 bytes).
    Removing resources.o(.rev16_text), (4 bytes).
    Removing resources.o(.revsh_text), (4 bytes).
    Removing resources.o(.rrx_text), (6 bytes).

58 unused section(s) (total 217056 bytes) removed from the image.

==============================================================================

Image Symbol Table

    Local Symbols

    Symbol Name                              Value     Ov Type        Size  Object(Section)

    RESET                                    0x00000000   Section      204  startup_lpc17xx.o(RESET)
    ../clib/angel/boardlib.s                 0x00000000   Number         0  boardshut.o ABSOLUTE
    ../clib/angel/boardlib.s                 0x00000000   Number         0  boardinit1.o ABSOLUTE
    ../clib/angel/boardlib.s                 0x00000000   Number         0  boardinit2.o ABSOLUTE
    ../clib/angel/boardlib.s                 0x00000000   Number         0  boardinit3.o ABSOLUTE
    ../clib/angel/handlers.s                 0x00000000   Number         0  __scatter_zi.o ABSOLUTE
    ../clib/angel/handlers.s                 0x00000000   Number         0  __scatter_copy.o ABSOLUTE
    ../clib/angel/kernel.s                   0x00000000   Number         0  rtexit2.o ABSOLUTE
    ../clib/angel/kernel.s                   0x00000000   Number         0  __rtentry.o ABSOLUTE
    ../clib/angel/kernel.s                   0x00000000   Number         0  __rtentry2.o ABSOLUTE
    ../clib/angel/kernel.s                   0x00000000   Number         0  __rtentry4.o ABSOLUTE
    ../clib/angel/kernel.s                   0x00000000   Number         0  rtexit.o ABSOLUTE
    ../clib/angel/rt.s                       0x00000000   Number         0  rt_raise.o ABSOLUTE
    ../clib/angel/scatter.s                  0x00000000   Number         0  __scatter.o ABSOLUTE
    ../clib/angel/startup.s                  0x00000000   Number         0  __main.o ABSOLUTE
    ../clib/angel/sys.s                      0x00000000   Number         0  sys_stackheap_outer.o ABSOLUTE
    ../clib/angel/sys.s                      0x00000000   Number         0  use_no_semi.o ABSOLUTE
    ../clib/angel/sys.s                      0x00000000   Number         0  indicate_semi.o ABSOLUTE
    ../clib/angel/sys.s                      0x00000000   Number         0  libspace.o ABSOLUTE
    ../clib/angel/sysapp.c                   0x00000000   Number         0  sys_exit.o ABSOLUTE
    ../clib/angel/sysapp.c                   0x00000000   Number         0  sys_wrch.o ABSOLUTE
    ../clib/angel/sysapp.c                   0x00000000   Number         0  sys_command.o ABSOLUTE
    ../clib/armsys.c                         0x00000000   Number         0  no_argv.o ABSOLUTE
    ../clib/armsys.c                         0x00000000   Number         0  _get_argv_nomalloc.o ABSOLUTE
    ../clib/armsys.c                         0x00000000   Number         0  argv_veneer.o ABSOLUTE
    ../clib/armsys.c                         0x00000000   Number         0  argv_veneer.o ABSOLUTE
    ../clib/heapalloc.c                      0x00000000   Number         0  hrguard.o ABSOLUTE
    ../clib/heapaux.c                        0x00000000   Number         0  heapauxi.o ABSOLUTE
    ../clib/libinit.s                        0x00000000   Number         0  libinit.o ABSOLUTE
    ../clib/libinit.s                        0x00000000   Number         0  libshutdown2.o ABSOLUTE
    ../clib/libinit.s                        0x00000000   Number         0  libshutdown.o ABSOLUTE
    ../clib/libinit.s                        0x00000000   Number         0  libinit2.o ABSOLUTE
    ../clib/memcpset.s                       0x00000000   Number         0  rt_memcpy_v6.o ABSOLUTE
    ../clib/memcpset.s                       0x00000000   Number         0  rt_memclr_w.o ABSOLUTE
    ../clib/memcpset.s                       0x00000000   Number         0  rt_memcpy_w.o ABSOLUTE
    ../clib/printf.c                         0x00000000   Number         0  _sputc.o ABSOLUTE
    ../clib/printf.c                         0x00000000   Number         0  _printf_char_common.o ABSOLUTE
    ../clib/printf.c                         0x00000000   Number         0  _printf_intcommon.o ABSOLUTE
    ../clib/printf.c                         0x00000000   Number         0  __printf.o ABSOLUTE
    ../clib/printf.c                         0x00000000   Number         0  __2sprintf.o ABSOLUTE
    ../clib/printf.c                         0x00000000   Number         0  __printf_nopercent.o ABSOLUTE
    ../clib/printf.c                         0x00000000   Number         0  noretval__2sprintf.o ABSOLUTE
    ../clib/printf.c                         0x00000000   Number         0  _printf_dec.o ABSOLUTE
    ../clib/printf.c                         0x00000000   Number         0  __printf_flags.o ABSOLUTE
    ../clib/printf.c                         0x00000000   Number         0  __printf_ss.o ABSOLUTE
    ../clib/printf.c                         0x00000000   Number         0  __printf_flags_ss.o ABSOLUTE
    ../clib/printf.c                         0x00000000   Number         0  __printf_wp.o ABSOLUTE
    ../clib/printf.c                         0x00000000   Number         0  __printf_flags_wp.o ABSOLUTE
    ../clib/printf.c                         0x00000000   Number         0  __printf_ss_wp.o ABSOLUTE
    ../clib/printf.c                         0x00000000   Number         0  __printf_flags_ss_wp.o ABSOLUTE
    ../clib/printf_percent.s                 0x00000000   Number         0  _printf_percent.o ABSOLUTE
    ../clib/printf_percent.s                 0x00000000   Number         0  _printf_d.o ABSOLUTE
    ../clib/printf_percent.s                 0x00000000   Number         0  _printf_percent_end.o ABSOLUTE
    ../clib/signal.c                         0x00000000   Number         0  defsig_rtred_inner.o ABSOLUTE
    ../clib/signal.c                         0x00000000   Number         0  defsig_fpe_inner.o ABSOLUTE
    ../clib/signal.c                         0x00000000   Number         0  defsig_abrt_inner.o ABSOLUTE
    ../clib/signal.c                         0x00000000   Number         0  defsig_segv_inner.o ABSOLUTE
    ../clib/signal.c                         0x00000000   Number         0  defsig_rtmem_outer.o ABSOLUTE
    ../clib/signal.c                         0x00000000   Number         0  defsig_general.o ABSOLUTE
    ../clib/signal.c                         0x00000000   Number         0  __raise.o ABSOLUTE
    ../clib/signal.c                         0x00000000   Number         0  defsig_rtmem_inner.o ABSOLUTE
    ../clib/signal.c                         0x00000000   Number         0  defsig_rtmem_formal.o ABSOLUTE
    ../clib/signal.c                         0x00000000   Number         0  defsig_other.o ABSOLUTE
    ../clib/signal.c                         0x00000000   Number         0  defsig_exit.o ABSOLUTE
    ../clib/signal.c                         0x00000000   Number         0  defsig_cppl_inner.o ABSOLUTE
    ../clib/signal.c                         0x00000000   Number         0  defsig_pvfn_inner.o ABSOLUTE
    ../clib/signal.c                         0x00000000   Number         0  defsig_stak_inner.o ABSOLUTE
    ../clib/signal.s                         0x00000000   Number         0  defsig.o ABSOLUTE
    ../clib/stdlib.c                         0x00000000   Number         0  rand.o ABSOLUTE
    ../clib/stdlib.c                         0x00000000   Number         0  exit.o ABSOLUTE
    ../clib/stdlib.c                         0x00000000   Number         0  rand.o ABSOLUTE
    ../fplib/daddsub.s                       0x00000000   Number         0  daddsub_clz.o ABSOLUTE
    ../fplib/dcmpi.s                         0x00000000   Number         0  dcmpi.o ABSOLUTE
    ../fplib/ddiv.s                          0x00000000   Number         0  ddiv.o ABSOLUTE
    ../fplib/deqf.s                          0x00000000   Number         0  deqf.o ABSOLUTE
    ../fplib/dfixu.s                         0x00000000   Number         0  dfixu.o ABSOLUTE
    ../fplib/dflt.s                          0x00000000   Number         0  dflt_clz.o ABSOLUTE
    ../fplib/dmul.s                          0x00000000   Number         0  dmul.o ABSOLUTE
    ../fplib/dnaninf.s                       0x00000000   Number         0  dnaninf.o ABSOLUTE
    ../fplib/dretinf.s                       0x00000000   Number         0  dretinf.o ABSOLUTE
    ../fplib/fpinit.s                        0x00000000   Number         0  fpinit.o ABSOLUTE
    ../fplib/usenofp.s                       0x00000000   Number         0  usenofp.o ABSOLUTE
    GLCD\AsciiLib.c                          0x00000000   Number         0  asciilib.o ABSOLUTE
    GLCD\GLCD.c                              0x00000000   Number         0  glcd.o ABSOLUTE
    GLCD\HzLib.c                             0x00000000   Number         0  hzlib.o ABSOLUTE
    GLCD\\GLCD.c                             0x00000000   Number         0  glcd.o ABSOLUTE
    RIT\IRQ_RIT.c                            0x00000000   Number         0  irq_rit.o ABSOLUTE
    RIT\\IRQ_RIT.c                           0x00000000   Number         0  irq_rit.o ABSOLUTE
    RIT\\lib_RIT.c                           0x00000000   Number         0  lib_rit.o ABSOLUTE
    RIT\lib_RIT.c                            0x00000000   Number         0  lib_rit.o ABSOLUTE
    TouchPanel\TouchPanel.c                  0x00000000   Number         0  touchpanel.o ABSOLUTE
    TouchPanel\\TouchPanel.c                 0x00000000   Number         0  touchpanel.o ABSOLUTE
    button_EXINT\IRQ_button.c                0x00000000   Number         0  irq_button.o ABSOLUTE
    button_EXINT\\IRQ_button.c               0x00000000   Number         0  irq_button.o ABSOLUTE
    button_EXINT\\lib_button.c               0x00000000   Number         0  lib_button.o ABSOLUTE
    button_EXINT\lib_button.c                0x00000000   Number         0  lib_button.o ABSOLUTE
    can\IRQ_can.c                            0x00000000   Number         0  irq_can.o ABSOLUTE
    can\\IRQ_can.c                           0x00000000   Number         0  irq_can.o ABSOLUTE
    can\\can_func.c                          0x00000000   Number         0  can_func.o ABSOLUTE
    can\\can_lib.c                           0x00000000   Number         0  can_lib.o ABSOLUTE
    can\can_func.c                           0x00000000   Number         0  can_func.o ABSOLUTE
    can\can_lib.c                            0x00000000   Number         0  can_lib.o ABSOLUTE
    core_cm3.c                               0x00000000   Number         0  core_cm3.o ABSOLUTE
    core_cm3.c                               0x00000000   Number         0  core_cm3.o ABSOLUTE
    dc.s                                     0x00000000   Number         0  dc.o ABSOLUTE
    flappy_bird\\flappy_bird.c               0x00000000   Number         0  flappy_bird.o ABSOLUTE
    flappy_bird\\resources.c                 0x00000000   Number         0  resources.o ABSOLUTE
    flappy_bird\flappy_bird.c                0x00000000   Number         0  flappy_bird.o ABSOLUTE
    flappy_bird\resources.c                  0x00000000   Number         0  resources.o ABSOLUTE
    joystick\\funct_joystick.c               0x00000000   Number         0  funct_joystick.o ABSOLUTE
    joystick\\lib_joystick.c                 0x00000000   Number         0  lib_joystick.o ABSOLUTE
    joystick\funct_joystick.c                0x00000000   Number         0  funct_joystick.o ABSOLUTE
    joystick\lib_joystick.c                  0x00000000   Number         0  lib_joystick.o ABSOLUTE
    sample.c                                 0x00000000   Number         0  sample.o ABSOLUTE
    sample.c                                 0x00000000   Number         0  sample.o ABSOLUTE
    startup_LPC17xx.s                        0x00000000   Number         0  startup_lpc17xx.o ABSOLUTE
    system_LPC17xx.c                         0x00000000   Number         0  system_lpc17xx.o ABSOLUTE
    system_LPC17xx.c                         0x00000000   Number         0  system_lpc17xx.o ABSOLUTE
    timer\IRQ_timer.c                        0x00000000   Number         0  irq_timer.o ABSOLUTE
    timer\\IRQ_timer.c                       0x00000000   Number         0  irq_timer.o ABSOLUTE
    timer\\lib_timer.c                       0x00000000   Number         0  lib_timer.o ABSOLUTE
    timer\lib_timer.c                        0x00000000   Number         0  lib_timer.o ABSOLUTE
    !!!main                                  0x000000cc   Section        8  __main.o(!!!main)
    !!!scatter                               0x000000d4   Section       52  __scatter.o(!!!scatter)
    !!handler_copy                           0x00000108   Section       26  __scatter_copy.o(!!handler_copy)
    !!handler_zi                             0x00000124   Section       28  __scatter_zi.o(!!handler_zi)
    .ARM.Collect$$_printf_percent$$00000000  0x00000140   Section        0  _printf_percent.o(.ARM.Collect$$_printf_percent$$00000000)
    .ARM.Collect$$_printf_percent$$00000009  0x00000140   Section        6  _printf_d.o(.ARM.Collect$$_printf_percent$$00000009)
    .ARM.Collect$$_printf_percent$$00000017  0x00000146   Section        4  _printf_percent_end.o(.ARM.Collect$$_printf_percent$$00000017)
    .ARM.Collect$$libinit$$00000000          0x0000014a   Section        2  libinit.o(.ARM.Collect$$libinit$$00000000)
    .ARM.Collect$$libinit$$00000002          0x0000014c   Section        0  libinit2.o(.ARM.Collect$$libinit$$00000002)
    .ARM.Collect$$libinit$$00000004          0x0000014c   Section        0  libinit2.o(.ARM.Collect$$libinit$$00000004)
    .ARM.Collect$$libinit$$0000000A          0x0000014c   Section        0  libinit2.o(.ARM.Collect$$libinit$$0000000A)
    .ARM.Collect$$libinit$$0000000C          0x0000014c   Section        0  libinit2.o(.ARM.Collect$$libinit$$0000000C)
    .ARM.Collect$$libinit$$0000000D          0x0000014c   Section        4  libinit2.o(.ARM.Collect$$libinit$$0000000D)
    .ARM.Collect$$libinit$$0000000E          0x00000150   Section        0  libinit2.o(.ARM.Collect$$libinit$$0000000E)
    .ARM.Collect$$libinit$$00000011          0x00000150   Section        0  libinit2.o(.ARM.Collect$$libinit$$00000011)
    .ARM.Collect$$libinit$$00000013          0x00000150   Section        0  libinit2.o(.ARM.Collect$$libinit$$00000013)
    .ARM.Collect$$libinit$$00000015          0x00000150   Section        0  libinit2.o(.ARM.Collect$$libinit$$00000015)
    .ARM.Collect$$libinit$$00000017          0x00000150   Section        0  libinit2.o(.ARM.Collect$$libinit$$00000017)
    .ARM.Collect$$libinit$$00000019          0x00000150   Section        0  libinit2.o(.ARM.Collect$$libinit$$00000019)
    .ARM.Collect$$libinit$$0000001B          0x00000150   Section        0  libinit2.o(.ARM.Collect$$libinit$$0000001B)
    .ARM.Collect$$libinit$$0000001D          0x00000150   Section        0  libinit2.o(.ARM.Collect$$libinit$$0000001D)
    .ARM.Collect$$libinit$$0000001F          0x00000150   Section        0  libinit2.o(.ARM.Collect$$libinit$$0000001F)
    .ARM.Collect$$libinit$$00000021          0x00000150   Section        0  libinit2.o(.ARM.Collect$$libinit$$00000021)
    .ARM.Collect$$libinit$$00000023          0x00000150   Section        0  libinit2.o(.ARM.Collect$$libinit$$00000023)
    .ARM.Collect$$libinit$$00000025          0x00000150   Section        0  libinit2.o(.ARM.Collect$$libinit$$00000025)
    .ARM.Collect$$libinit$$0000002C          0x00000150   Section        0  libinit2.o(.ARM.Collect$$libinit$$0000002C)
    .ARM.Collect$$libinit$$0000002E          0x00000150   Section        0  libinit2.o(.ARM.Collect$$libinit$$0000002E)
    .ARM.Collect$$libinit$$00000030          0x00000150   Section        0  libinit2.o(.ARM.Collect$$libinit$$00000030)
    .ARM.Collect$$libinit$$00000032          0x00000150   Section        0  libinit2.o(.ARM.Collect$$libinit$$00000032)
    .ARM.Collect$$libinit$$00000033          0x00000150   Section        2  libinit2.o(.ARM.Collect$$libinit$$00000033)
    .ARM.Collect$$libshutdown$$00000000      0x00000152   Section        2  libshutdown.o(.ARM.Collect$$libshutdown$$00000000)
    .ARM.Collect$$libshutdown$$00000002      0x00000154   Section        0  libshutdown2.o(.ARM.Collect$$libshutdown$$00000002)
    .ARM.Collect$$libshutdown$$00000004      0x00000154   Section        0  libshutdown2.o(.ARM.Collect$$libshutdown$$00000004)
    .ARM.Collect$$libshutdown$$00000006      0x00000154   Section        0  libshutdown2.o(.ARM.Collect$$libshutdown$$00000006)
    .ARM.Collect$$libshutdown$$00000009      0x00000154   Section        0  libshutdown2.o(.ARM.Collect$$libshutdown$$00000009)
    .ARM.Collect$$libshutdown$$0000000C      0x00000154   Section        0  libshutdown2.o(.ARM.Collect$$libshutdown$$0000000C)
    .ARM.Collect$$libshutdown$$0000000E      0x00000154   Section        0  libshutdown2.o(.ARM.Collect$$libshutdown$$0000000E)
    .ARM.Collect$$libshutdown$$00000011      0x00000154   Section        0  libshutdown2.o(.ARM.Collect$$libshutdown$$00000011)
    .ARM.Collect$$libshutdown$$00000012      0x00000154   Section        2  libshutdown2.o(.ARM.Collect$$libshutdown$$00000012)
    .ARM.Collect$$rtentry$$00000000          0x00000156   Section        0  __rtentry.o(.ARM.Collect$$rtentry$$00000000)
    .ARM.Collect$$rtentry$$00000002          0x00000156   Section        0  __rtentry2.o(.ARM.Collect$$rtentry$$00000002)
    .ARM.Collect$$rtentry$$00000004          0x00000156   Section        6  __rtentry4.o(.ARM.Collect$$rtentry$$00000004)
    .ARM.Collect$$rtentry$$00000009          0x0000015c   Section        0  __rtentry2.o(.ARM.Collect$$rtentry$$00000009)
    .ARM.Collect$$rtentry$$0000000A          0x0000015c   Section        4  __rtentry2.o(.ARM.Collect$$rtentry$$0000000A)
    .ARM.Collect$$rtentry$$0000000C          0x00000160   Section        0  __rtentry2.o(.ARM.Collect$$rtentry$$0000000C)
    .ARM.Collect$$rtentry$$0000000D          0x00000160   Section        8  __rtentry2.o(.ARM.Collect$$rtentry$$0000000D)
    .ARM.Collect$$rtexit$$00000000           0x00000168   Section        2  rtexit.o(.ARM.Collect$$rtexit$$00000000)
    .ARM.Collect$$rtexit$$00000002           0x0000016a   Section        0  rtexit2.o(.ARM.Collect$$rtexit$$00000002)
    .ARM.Collect$$rtexit$$00000003           0x0000016a   Section        4  rtexit2.o(.ARM.Collect$$rtexit$$00000003)
    .ARM.Collect$$rtexit$$00000004           0x0000016e   Section        6  rtexit2.o(.ARM.Collect$$rtexit$$00000004)
    .emb_text                                0x00000174   Section       52  rand.o(.emb_text)
    .text                                    0x000001a8   Section        0  asciilib.o(.text)
    .text                                    0x000001c8   Section       52  startup_lpc17xx.o(.text)
    .text                                    0x000001fc   Section        0  sample.o(.text)
    .text                                    0x000002d0   Section        0  noretval__2sprintf.o(.text)
    .text                                    0x000002f8   Section        2  use_no_semi.o(.text)
    .text                                    0x000002fa   Section        0  indicate_semi.o(.text)
    x$fpl$usenofp                            0x000002fa   Section        0  usenofp.o(x$fpl$usenofp)
    .ARM.__at_0x02FC                         0x000002fc   Section        4  startup_lpc17xx.o(.ARM.__at_0x02FC)
    .text                                    0x00000300   Section        0  glcd.o(.text)
    LCD_Configuration                        0x00000301   Thumb Code    20  glcd.o(.text)
    wait_delay                               0x00000315   Thumb Code    12  glcd.o(.text)
    LCD_SetCursor                            0x00000321   Thumb Code  1356  glcd.o(.text)
    delay_ms                                 0x0000086d   Thumb Code    30  glcd.o(.text)
    LCD_BGR2RGB                              0x00003d69   Thumb Code    26  glcd.o(.text)
    .text                                    0x00004444   Section        0  system_lpc17xx.o(.text)
    .text                                    0x00004670   Section        0  irq_timer.o(.text)
    .text                                    0x00004708   Section        0  lib_timer.o(.text)
    __NVIC_EnableIRQ                         0x00004709   Thumb Code    34  lib_timer.o(.text)
    __NVIC_SetPriority                       0x0000472b   Thumb Code    32  lib_timer.o(.text)
    .text                                    0x00004884   Section        0  can_lib.o(.text)
    .text                                    0x00004cc8   Section        0  irq_can.o(.text)
    replicate_message                        0x00004ccb   Thumb Code    54  irq_can.o(.text)
    decodeMessage                            0x00004d01   Thumb Code   464  irq_can.o(.text)
    .text                                    0x00004f98   Section        0  can_func.o(.text)
    .text                                    0x00005288   Section        0  irq_button.o(.text)
    __NVIC_DisableIRQ                        0x00005289   Thumb Code    30  irq_button.o(.text)
    .text                                    0x00005340   Section        0  lib_button.o(.text)
    __NVIC_EnableIRQ                         0x00005341   Thumb Code    34  lib_button.o(.text)
    __NVIC_SetPriority                       0x00005363   Thumb Code    32  lib_button.o(.text)
    .text                                    0x00005414   Section        0  irq_rit.o(.text)
    __NVIC_EnableIRQ                         0x00005415   Thumb Code    34  irq_rit.o(.text)
    .text                                    0x00005628   Section        0  lib_rit.o(.text)
    .text                                    0x000056bc   Section        0  touchpanel.o(.text)
    ADS7843_SPI_Init                         0x000056cd   Thumb Code   128  touchpanel.o(.text)
    DelayUS                                  0x0000576b   Thumb Code    28  touchpanel.o(.text)
    WR_CMD                                   0x00005787   Thumb Code    56  touchpanel.o(.text)
    RD_AD                                    0x000057bf   Thumb Code    42  touchpanel.o(.text)
    .text                                    0x0000603c   Section        0  flappy_bird.o(.text)
    .text                                    0x00006484   Section        0  resources.o(.text)
    .text                                    0x0000670c   Section        0  __printf.o(.text)
    .text                                    0x00006774   Section        0  _printf_dec.o(.text)
    .text                                    0x000067ec   Section        0  rand.o(.text)
    .text                                    0x00006828   Section      138  rt_memcpy_v6.o(.text)
    .text                                    0x000068b2   Section       78  rt_memclr_w.o(.text)
    .text                                    0x00006900   Section        0  heapauxi.o(.text)
    .text                                    0x00006906   Section        0  _printf_intcommon.o(.text)
    .text                                    0x000069b8   Section        0  _printf_char_common.o(.text)
    _printf_input_char                       0x000069b9   Thumb Code    10  _printf_char_common.o(.text)
    .text                                    0x000069e8   Section        0  _sputc.o(.text)
    .text                                    0x000069f2   Section      100  rt_memcpy_w.o(.text)
    .text                                    0x00006a56   Section       74  sys_stackheap_outer.o(.text)
    .text                                    0x00006aa0   Section        0  exit.o(.text)
    .text                                    0x00006ab4   Section        8  libspace.o(.text)
    .text                                    0x00006abc   Section        0  sys_exit.o(.text)
    x$fpl$dadd                               0x00006ac8   Section      336  daddsub_clz.o(x$fpl$dadd)
    _dadd1                                   0x00006ad9   Thumb Code     0  daddsub_clz.o(x$fpl$dadd)
    x$fpl$dcmpinf                            0x00006c18   Section       24  dcmpi.o(x$fpl$dcmpinf)
    x$fpl$ddiv                               0x00006c30   Section      688  ddiv.o(x$fpl$ddiv)
    ddiv_entry                               0x00006c37   Thumb Code     0  ddiv.o(x$fpl$ddiv)
    x$fpl$deqf                               0x00006ee0   Section      120  deqf.o(x$fpl$deqf)
    x$fpl$dfixu                              0x00006f58   Section       90  dfixu.o(x$fpl$dfixu)
    x$fpl$dflt                               0x00006fb2   Section       46  dflt_clz.o(x$fpl$dflt)
    x$fpl$dfltu                              0x00006fe0   Section       38  dflt_clz.o(x$fpl$dfltu)
    x$fpl$dmul                               0x00007008   Section      340  dmul.o(x$fpl$dmul)
    x$fpl$dnaninf                            0x0000715c   Section      156  dnaninf.o(x$fpl$dnaninf)
    x$fpl$dretinf                            0x000071f8   Section       12  dretinf.o(x$fpl$dretinf)
    x$fpl$dsub                               0x00007204   Section      468  daddsub_clz.o(x$fpl$dsub)
    _dsub1                                   0x00007215   Thumb Code     0  daddsub_clz.o(x$fpl$dsub)
    .constdata                               0x000073d8   Section     1520  asciilib.o(.constdata)
    AsciiLib                                 0x000073d8   Data        1520  asciilib.o(.constdata)
    .constdata                               0x000079c8   Section    23552  resources.o(.constdata)
    bird_image                               0x000079c8   Data        6528  resources.o(.constdata)
    pipe                                     0x00009348   Data          96  resources.o(.constdata)
    pipe_up                                  0x000093a8   Data        2704  resources.o(.constdata)
    pipe_down                                0x00009e38   Data        2704  resources.o(.constdata)
    sky                                      0x0000a8c8   Data       11520  resources.o(.constdata)
    .data                                    0x10000000   Section       13  irq_rit.o(.data)
    .data                                    0x1000000e   Section       14  flappy_bird.o(.data)
    .data                                    0x1000001c   Section        1  resources.o(.data)
    .bss                                     0x10000020   Section       20  can_lib.o(.bss)
    STACK                                    0x10000038   Section      512  startup_lpc17xx.o(STACK)
    Stack_Mem                                0x10000038   Data         512  startup_lpc17xx.o(STACK)
    __initial_sp                             0x10000238   Data           0  startup_lpc17xx.o(STACK)
    .data                                    0x2007c000   Section        1  glcd.o(.data)
    LCD_Code                                 0x2007c000   Data           1  glcd.o(.data)
    .data                                    0x2007c004   Section        4  system_lpc17xx.o(.data)
    .data                                    0x2007c008   Section       97  irq_timer.o(.data)
    ticks                                    0x2007c064   Data           4  irq_timer.o(.data)
    num_sin                                  0x2007c068   Data           1  irq_timer.o(.data)
    .data                                    0x2007c069   Section        5  irq_can.o(.data)
    .data                                    0x2007c06e   Section       20  touchpanel.o(.data)
    screen                                   0x2007c07e   Data           4  touchpanel.o(.data)
    .bss                                     0x2007c084   Section       40  irq_can.o(.bss)
    .bss                                     0x2007c0b0   Section       68  touchpanel.o(.bss)
    .bss                                     0x2007c0f4   Section      228  rand.o(.bss)
    .bss                                     0x2007c1d8   Section       96  libspace.o(.bss)
    HEAP                                     0x2007c238   Section        0  startup_lpc17xx.o(HEAP)
    Heap_Mem                                 0x2007c238   Data           0  startup_lpc17xx.o(HEAP)

    Global Symbols

    Symbol Name                              Value     Ov Type        Size  Object(Section)

    BuildAttributes$$THM_ISAv4$P$D$K$B$S$PE$A:L22UL41UL21$X:L11$S22US41US21$IEEE1$IW$USESV6$~STKCKD$USESV7$~SHL$OSPACE$ROPI$EBA8$UX$STANDARDLIB$REQ8$PRES8$EABIv2 0x00000000   Number         0  anon$$obj.o ABSOLUTE
    __ARM_use_no_argv                        0x00000000   Number         0  sample.o ABSOLUTE
    __Vectors                                0x00000000   Data           4  startup_lpc17xx.o(RESET)
    __ARM_exceptions_init                     - Undefined Weak Reference
    __alloca_initialize                       - Undefined Weak Reference
    __arm_fini_                               - Undefined Weak Reference
    __arm_preinit_                            - Undefined Weak Reference
    __cpp_initialize__aeabi_                  - Undefined Weak Reference
    __cxa_finalize                            - Undefined Weak Reference
    __rt_locale                               - Undefined Weak Reference
    __sigvec_lookup                           - Undefined Weak Reference
    _atexit_init                              - Undefined Weak Reference
    _call_atexit_fns                          - Undefined Weak Reference
    _clock_init                               - Undefined Weak Reference
    _fp_trap_init                             - Undefined Weak Reference
    _fp_trap_shutdown                         - Undefined Weak Reference
    _get_lc_collate                           - Undefined Weak Reference
    _get_lc_ctype                             - Undefined Weak Reference
    _get_lc_monetary                          - Undefined Weak Reference
    _get_lc_numeric                           - Undefined Weak Reference
    _get_lc_time                              - Undefined Weak Reference
    _getenv_init                              - Undefined Weak Reference
    _handle_redirection                       - Undefined Weak Reference
    _init_alloc                               - Undefined Weak Reference
    _init_user_alloc                          - Undefined Weak Reference
    _initio                                   - Undefined Weak Reference
    _printf_post_padding                      - Undefined Weak Reference
    _printf_pre_padding                       - Undefined Weak Reference
    _printf_truncate_signed                   - Undefined Weak Reference
    _printf_truncate_unsigned                 - Undefined Weak Reference
    _signal_finish                            - Undefined Weak Reference
    _signal_init                              - Undefined Weak Reference
    _terminate_alloc                          - Undefined Weak Reference
    _terminate_user_alloc                     - Undefined Weak Reference
    _terminateio                              - Undefined Weak Reference
    __main                                   0x000000cd   Thumb Code     8  __main.o(!!!main)
    __scatterload                            0x000000d5   Thumb Code     0  __scatter.o(!!!scatter)
    __scatterload_rt2                        0x000000d5   Thumb Code    44  __scatter.o(!!!scatter)
    __scatterload_rt2_thumb_only             0x000000d5   Thumb Code     0  __scatter.o(!!!scatter)
    __scatterload_null                       0x000000e3   Thumb Code     0  __scatter.o(!!!scatter)
    __scatterload_copy                       0x00000109   Thumb Code    26  __scatter_copy.o(!!handler_copy)
    __scatterload_zeroinit                   0x00000125   Thumb Code    28  __scatter_zi.o(!!handler_zi)
    _printf_d                                0x00000141   Thumb Code     0  _printf_d.o(.ARM.Collect$$_printf_percent$$00000009)
    _printf_percent                          0x00000141   Thumb Code     0  _printf_percent.o(.ARM.Collect$$_printf_percent$$00000000)
    _printf_percent_end                      0x00000147   Thumb Code     0  _printf_percent_end.o(.ARM.Collect$$_printf_percent$$00000017)
    __rt_lib_init                            0x0000014b   Thumb Code     0  libinit.o(.ARM.Collect$$libinit$$00000000)
    __rt_lib_init_fp_1                       0x0000014d   Thumb Code     0  libinit2.o(.ARM.Collect$$libinit$$00000002)
    __rt_lib_init_heap_1                     0x0000014d   Thumb Code     0  libinit2.o(.ARM.Collect$$libinit$$0000000A)
    __rt_lib_init_preinit_1                  0x0000014d   Thumb Code     0  libinit2.o(.ARM.Collect$$libinit$$00000004)
    __rt_lib_init_rand_2                     0x0000014d   Thumb Code     0  libinit2.o(.ARM.Collect$$libinit$$0000000D)
    __rt_lib_init_user_alloc_1               0x0000014d   Thumb Code     0  libinit2.o(.ARM.Collect$$libinit$$0000000C)
    __rt_lib_init_alloca_1                   0x00000151   Thumb Code     0  libinit2.o(.ARM.Collect$$libinit$$0000002E)
    __rt_lib_init_argv_1                     0x00000151   Thumb Code     0  libinit2.o(.ARM.Collect$$libinit$$0000002C)
    __rt_lib_init_atexit_1                   0x00000151   Thumb Code     0  libinit2.o(.ARM.Collect$$libinit$$0000001B)
    __rt_lib_init_clock_1                    0x00000151   Thumb Code     0  libinit2.o(.ARM.Collect$$libinit$$00000021)
    __rt_lib_init_cpp_1                      0x00000151   Thumb Code     0  libinit2.o(.ARM.Collect$$libinit$$00000032)
    __rt_lib_init_exceptions_1               0x00000151   Thumb Code     0  libinit2.o(.ARM.Collect$$libinit$$00000030)
    __rt_lib_init_fp_trap_1                  0x00000151   Thumb Code     0  libinit2.o(.ARM.Collect$$libinit$$0000001F)
    __rt_lib_init_getenv_1                   0x00000151   Thumb Code     0  libinit2.o(.ARM.Collect$$libinit$$00000023)
    __rt_lib_init_lc_collate_1               0x00000151   Thumb Code     0  libinit2.o(.ARM.Collect$$libinit$$00000011)
    __rt_lib_init_lc_ctype_1                 0x00000151   Thumb Code     0  libinit2.o(.ARM.Collect$$libinit$$00000013)
    __rt_lib_init_lc_monetary_1              0x00000151   Thumb Code     0  libinit2.o(.ARM.Collect$$libinit$$00000015)
    __rt_lib_init_lc_numeric_1               0x00000151   Thumb Code     0  libinit2.o(.ARM.Collect$$libinit$$00000017)
    __rt_lib_init_lc_time_1                  0x00000151   Thumb Code     0  libinit2.o(.ARM.Collect$$libinit$$00000019)
    __rt_lib_init_rand_1                     0x00000151   Thumb Code     0  libinit2.o(.ARM.Collect$$libinit$$0000000E)
    __rt_lib_init_return                     0x00000151   Thumb Code     0  libinit2.o(.ARM.Collect$$libinit$$00000033)
    __rt_lib_init_signal_1                   0x00000151   Thumb Code     0  libinit2.o(.ARM.Collect$$libinit$$0000001D)
    __rt_lib_init_stdio_1                    0x00000151   Thumb Code     0  libinit2.o(.ARM.Collect$$libinit$$00000025)
    __rt_lib_shutdown                        0x00000153   Thumb Code     0  libshutdown.o(.ARM.Collect$$libshutdown$$00000000)
    __rt_lib_shutdown_cpp_1                  0x00000155   Thumb Code     0  libshutdown2.o(.ARM.Collect$$libshutdown$$00000004)
    __rt_lib_shutdown_fini_1                 0x00000155   Thumb Code     0  libshutdown2.o(.ARM.Collect$$libshutdown$$00000002)
    __rt_lib_shutdown_fp_trap_1              0x00000155   Thumb Code     0  libshutdown2.o(.ARM.Collect$$libshutdown$$00000009)
    __rt_lib_shutdown_heap_1                 0x00000155   Thumb Code     0  libshutdown2.o(.ARM.Collect$$libshutdown$$00000011)
    __rt_lib_shutdown_return                 0x00000155   Thumb Code     0  libshutdown2.o(.ARM.Collect$$libshutdown$$00000012)
    __rt_lib_shutdown_signal_1               0x00000155   Thumb Code     0  libshutdown2.o(.ARM.Collect$$libshutdown$$0000000C)
    __rt_lib_shutdown_stdio_1                0x00000155   Thumb Code     0  libshutdown2.o(.ARM.Collect$$libshutdown$$00000006)
    __rt_lib_shutdown_user_alloc_1           0x00000155   Thumb Code     0  libshutdown2.o(.ARM.Collect$$libshutdown$$0000000E)
    __rt_entry                               0x00000157   Thumb Code     0  __rtentry.o(.ARM.Collect$$rtentry$$00000000)
    __rt_entry_presh_1                       0x00000157   Thumb Code     0  __rtentry2.o(.ARM.Collect$$rtentry$$00000002)
    __rt_entry_sh                            0x00000157   Thumb Code     0  __rtentry4.o(.ARM.Collect$$rtentry$$00000004)
    __rt_entry_li                            0x0000015d   Thumb Code     0  __rtentry2.o(.ARM.Collect$$rtentry$$0000000A)
    __rt_entry_postsh_1                      0x0000015d   Thumb Code     0  __rtentry2.o(.ARM.Collect$$rtentry$$00000009)
    __rt_entry_main                          0x00000161   Thumb Code     0  __rtentry2.o(.ARM.Collect$$rtentry$$0000000D)
    __rt_entry_postli_1                      0x00000161   Thumb Code     0  __rtentry2.o(.ARM.Collect$$rtentry$$0000000C)
    __rt_exit                                0x00000169   Thumb Code     0  rtexit.o(.ARM.Collect$$rtexit$$00000000)
    __rt_exit_ls                             0x0000016b   Thumb Code     0  rtexit2.o(.ARM.Collect$$rtexit$$00000003)
    __rt_exit_prels_1                        0x0000016b   Thumb Code     0  rtexit2.o(.ARM.Collect$$rtexit$$00000002)
    __rt_exit_exit                           0x0000016f   Thumb Code     0  rtexit2.o(.ARM.Collect$$rtexit$$00000004)
    rand                                     0x00000175   Thumb Code    48  rand.o(.emb_text)
    GetASCIICode                             0x000001a9   Thumb Code    26  asciilib.o(.text)
    Reset_Handler                            0x000001c9   Thumb Code     4  startup_lpc17xx.o(.text)
    NMI_Handler                              0x000001cd   Thumb Code     2  startup_lpc17xx.o(.text)
    HardFault_Handler                        0x000001cf   Thumb Code     2  startup_lpc17xx.o(.text)
    MemManage_Handler                        0x000001d1   Thumb Code     2  startup_lpc17xx.o(.text)
    BusFault_Handler                         0x000001d3   Thumb Code     2  startup_lpc17xx.o(.text)
    UsageFault_Handler                       0x000001d5   Thumb Code     2  startup_lpc17xx.o(.text)
    SVC_Handler                              0x000001d7   Thumb Code     2  startup_lpc17xx.o(.text)
    DebugMon_Handler                         0x000001d9   Thumb Code     2  startup_lpc17xx.o(.text)
    PendSV_Handler                           0x000001db   Thumb Code     2  startup_lpc17xx.o(.text)
    SysTick_Handler                          0x000001dd   Thumb Code     2  startup_lpc17xx.o(.text)
    ADC_IRQHandler                           0x000001df   Thumb Code     0  startup_lpc17xx.o(.text)
    BOD_IRQHandler                           0x000001df   Thumb Code     0  startup_lpc17xx.o(.text)
    CANActivity_IRQHandler                   0x000001df   Thumb Code     0  startup_lpc17xx.o(.text)
    DMA_IRQHandler                           0x000001df   Thumb Code     0  startup_lpc17xx.o(.text)
    EINT3_IRQHandler                         0x000001df   Thumb Code     0  startup_lpc17xx.o(.text)
    ENET_IRQHandler                          0x000001df   Thumb Code     0  startup_lpc17xx.o(.text)
    I2C0_IRQHandler                          0x000001df   Thumb Code     0  startup_lpc17xx.o(.text)
    I2C1_IRQHandler                          0x000001df   Thumb Code     0  startup_lpc17xx.o(.text)
    I2C2_IRQHandler                          0x000001df   Thumb Code     0  startup_lpc17xx.o(.text)
    I2S_IRQHandler                           0x000001df   Thumb Code     0  startup_lpc17xx.o(.text)
    MCPWM_IRQHandler                         0x000001df   Thumb Code     0  startup_lpc17xx.o(.text)
    PLL0_IRQHandler                          0x000001df   Thumb Code     0  startup_lpc17xx.o(.text)
    PLL1_IRQHandler                          0x000001df   Thumb Code     0  startup_lpc17xx.o(.text)
    PWM1_IRQHandler                          0x000001df   Thumb Code     0  startup_lpc17xx.o(.text)
    QEI_IRQHandler                           0x000001df   Thumb Code     0  startup_lpc17xx.o(.text)
    RTC_IRQHandler                           0x000001df   Thumb Code     0  startup_lpc17xx.o(.text)
    SPI_IRQHandler                           0x000001df   Thumb Code     0  startup_lpc17xx.o(.text)
    SSP0_IRQHandler                          0x000001df   Thumb Code     0  startup_lpc17xx.o(.text)
    SSP1_IRQHandler                          0x000001df   Thumb Code     0  startup_lpc17xx.o(.text)
    UART0_IRQHandler                         0x000001df   Thumb Code     0  startup_lpc17xx.o(.text)
    UART1_IRQHandler                         0x000001df   Thumb Code     0  startup_lpc17xx.o(.text)
    UART2_IRQHandler                         0x000001df   Thumb Code     0  startup_lpc17xx.o(.text)
    UART3_IRQHandler                         0x000001df   Thumb Code     0  startup_lpc17xx.o(.text)
    USBActivity_IRQHandler                   0x000001df   Thumb Code     0  startup_lpc17xx.o(.text)
    USB_IRQHandler                           0x000001df   Thumb Code     0  startup_lpc17xx.o(.text)
    WDT_IRQHandler                           0x000001df   Thumb Code     0  startup_lpc17xx.o(.text)
    __user_initial_stackheap                 0x000001e1   Thumb Code     0  startup_lpc17xx.o(.text)
    main                                     0x000001fd   Thumb Code   172  sample.o(.text)
    __2sprintf                               0x000002d1   Thumb Code    34  noretval__2sprintf.o(.text)
    __I$use$semihosting                      0x000002f9   Thumb Code     0  use_no_semi.o(.text)
    __use_no_semihosting_swi                 0x000002f9   Thumb Code     2  use_no_semi.o(.text)
    __I$use$fp                               0x000002fa   Number         0  usenofp.o(x$fpl$usenofp)
    __semihosting_library_function           0x000002fb   Thumb Code     0  indicate_semi.o(.text)
    LCD_Initialization                       0x0000088b   Thumb Code 12014  glcd.o(.text)
    LCD_Clear                                0x00003779   Thumb Code  1520  glcd.o(.text)
    LCD_GetPoint                             0x00003d83   Thumb Code   994  glcd.o(.text)
    LCD_SetPoint                             0x00004165   Thumb Code   206  glcd.o(.text)
    LCD_DrawLine                             0x00004233   Thumb Code   250  glcd.o(.text)
    PutChar                                  0x0000432d   Thumb Code   100  glcd.o(.text)
    GUI_Text                                 0x00004391   Thumb Code    80  glcd.o(.text)
    LCD_DrawRect                             0x000043e1   Thumb Code   100  glcd.o(.text)
    SystemInit                               0x00004445   Thumb Code   526  system_lpc17xx.o(.text)
    TIMER0_IRQHandler                        0x00004671   Thumb Code    16  irq_timer.o(.text)
    TIMER1_IRQHandler                        0x00004681   Thumb Code    14  irq_timer.o(.text)
    TIMER2_IRQHandler                        0x0000468f   Thumb Code    84  irq_timer.o(.text)
    TIMER3_IRQHandler                        0x000046e3   Thumb Code     8  irq_timer.o(.text)
    enable_timer                             0x0000474b   Thumb Code    48  lib_timer.o(.text)
    disable_timer                            0x0000477b   Thumb Code    48  lib_timer.o(.text)
    reset_timer                              0x000047ab   Thumb Code    66  lib_timer.o(.text)
    init_timer                               0x000047ed   Thumb Code   130  lib_timer.o(.text)
    CAN_SetBaudrate                          0x00004885   Thumb Code   142  can_lib.o(.text)
    CAN_Init                                 0x00004913   Thumb Code   222  can_lib.o(.text)
    CAN_Send                                 0x000049f1   Thumb Code   436  can_lib.o(.text)
    CAN_Receive                              0x00004ba5   Thumb Code   118  can_lib.o(.text)
    CAN_HasReceivedMessage                   0x00004c1b   Thumb Code    28  can_lib.o(.text)
    CAN_EnableInterrupt                      0x00004c37   Thumb Code   116  can_lib.o(.text)
    CAN_DisableInterrupt                     0x00004cab   Thumb Code     6  can_lib.o(.text)
    CAN_resetTXerr                           0x00004cb1   Thumb Code    18  can_lib.o(.text)
    print_debug                              0x00004cc9   Thumb Code     2  irq_can.o(.text)
    CAN_IRQHandler                           0x00004ed1   Thumb Code    60  irq_can.o(.text)
    send_syncrp                              0x00004f99   Thumb Code   208  can_func.o(.text)
    send_syncrq                              0x00005069   Thumb Code   138  can_func.o(.text)
    launch_sync                              0x000050f3   Thumb Code    16  can_func.o(.text)
    FlappyCAN_Send1                          0x00005103   Thumb Code    86  can_func.o(.text)
    FlappyCAN_Send2                          0x00005159   Thumb Code   104  can_func.o(.text)
    FlappyCAN_Send3                          0x000051c1   Thumb Code    92  can_func.o(.text)
    EINT0_IRQHandler                         0x000052a7   Thumb Code    42  irq_button.o(.text)
    EINT1_IRQHandler                         0x000052d1   Thumb Code    42  irq_button.o(.text)
    EINT2_IRQHandler                         0x000052fb   Thumb Code    42  irq_button.o(.text)
    BUTTON_init                              0x00005383   Thumb Code   124  lib_button.o(.text)
    RIT_IRQHandler                           0x00005437   Thumb Code   422  irq_rit.o(.text)
    enable_RIT                               0x00005629   Thumb Code    14  lib_rit.o(.text)
    disable_RIT                              0x00005637   Thumb Code    14  lib_rit.o(.text)
    reset_RIT                                0x00005645   Thumb Code     8  lib_rit.o(.text)
    init_RIT                                 0x0000564d   Thumb Code    98  lib_rit.o(.text)
    LPC17xx_SPI_SetSpeed                     0x000056bd   Thumb Code    16  touchpanel.o(.text)
    TP_Init                                  0x0000574d   Thumb Code    30  touchpanel.o(.text)
    Read_X                                   0x000057e9   Thumb Code    42  touchpanel.o(.text)
    Read_Y                                   0x00005813   Thumb Code    42  touchpanel.o(.text)
    TP_GetAdXY                               0x0000583d   Thumb Code    34  touchpanel.o(.text)
    TP_DrawPoint                             0x0000585f   Thumb Code    20  touchpanel.o(.text)
    DrawCross                                0x00005873   Thumb Code   356  touchpanel.o(.text)
    DeleteCross                              0x000059d7   Thumb Code   350  touchpanel.o(.text)
    Read_Ads7846                             0x00005b35   Thumb Code   502  touchpanel.o(.text)
    setCalibrationMatrix                     0x00005d2b   Thumb Code   356  touchpanel.o(.text)
    getDisplayPoint                          0x00005e8f   Thumb Code   262  touchpanel.o(.text)
    TouchPanel_Calibrate                     0x00005f95   Thumb Code   120  touchpanel.o(.text)
    game_set                                 0x0000603d   Thumb Code   406  flappy_bird.o(.text)
    game_loop                                0x000061d3   Thumb Code   542  flappy_bird.o(.text)
    draw_bg                                  0x00006485   Thumb Code    78  resources.o(.text)
    clear_bird                               0x000064d3   Thumb Code   116  resources.o(.text)
    draw_bird                                0x00006547   Thumb Code   118  resources.o(.text)
    clear_pipe                               0x000065bd   Thumb Code    52  resources.o(.text)
    draw_pipe                                0x000065f1   Thumb Code   228  resources.o(.text)
    emit_tone                                0x000066d5   Thumb Code    32  resources.o(.text)
    __printf                                 0x0000670d   Thumb Code   104  __printf.o(.text)
    _printf_int_dec                          0x00006775   Thumb Code   104  _printf_dec.o(.text)
    srand                                    0x000067ed   Thumb Code    42  rand.o(.text)
    _rand_init                               0x00006817   Thumb Code     4  rand.o(.text)
    __aeabi_memcpy                           0x00006829   Thumb Code     0  rt_memcpy_v6.o(.text)
    __rt_memcpy                              0x00006829   Thumb Code   138  rt_memcpy_v6.o(.text)
    _memcpy_lastbytes                        0x0000688f   Thumb Code     0  rt_memcpy_v6.o(.text)
    __aeabi_memclr4                          0x000068b3   Thumb Code     0  rt_memclr_w.o(.text)
    __aeabi_memclr8                          0x000068b3   Thumb Code     0  rt_memclr_w.o(.text)
    __rt_memclr_w                            0x000068b3   Thumb Code    78  rt_memclr_w.o(.text)
    _memset_w                                0x000068b7   Thumb Code     0  rt_memclr_w.o(.text)
    __use_two_region_memory                  0x00006901   Thumb Code     2  heapauxi.o(.text)
    __rt_heap_escrow$2region                 0x00006903   Thumb Code     2  heapauxi.o(.text)
    __rt_heap_expand$2region                 0x00006905   Thumb Code     2  heapauxi.o(.text)
    _printf_int_common                       0x00006907   Thumb Code   178  _printf_intcommon.o(.text)
    _printf_char_common                      0x000069c3   Thumb Code    32  _printf_char_common.o(.text)
    _sputc                                   0x000069e9   Thumb Code    10  _sputc.o(.text)
    __aeabi_memcpy4                          0x000069f3   Thumb Code     0  rt_memcpy_w.o(.text)
    __aeabi_memcpy8                          0x000069f3   Thumb Code     0  rt_memcpy_w.o(.text)
    __rt_memcpy_w                            0x000069f3   Thumb Code   100  rt_memcpy_w.o(.text)
    _memcpy_lastbytes_aligned                0x00006a3b   Thumb Code     0  rt_memcpy_w.o(.text)
    __user_setup_stackheap                   0x00006a57   Thumb Code    74  sys_stackheap_outer.o(.text)
    exit                                     0x00006aa1   Thumb Code    18  exit.o(.text)
    __user_libspace                          0x00006ab5   Thumb Code     8  libspace.o(.text)
    __user_perproc_libspace                  0x00006ab5   Thumb Code     0  libspace.o(.text)
    __user_perthread_libspace                0x00006ab5   Thumb Code     0  libspace.o(.text)
    _sys_exit                                0x00006abd   Thumb Code     8  sys_exit.o(.text)
    __aeabi_dadd                             0x00006ac9   Thumb Code     0  daddsub_clz.o(x$fpl$dadd)
    _dadd                                    0x00006ac9   Thumb Code   332  daddsub_clz.o(x$fpl$dadd)
    __fpl_dcmp_Inf                           0x00006c19   Thumb Code    24  dcmpi.o(x$fpl$dcmpinf)
    __aeabi_ddiv                             0x00006c31   Thumb Code     0  ddiv.o(x$fpl$ddiv)
    _ddiv                                    0x00006c31   Thumb Code   552  ddiv.o(x$fpl$ddiv)
    __aeabi_cdcmpeq                          0x00006ee1   Thumb Code     0  deqf.o(x$fpl$deqf)
    _dcmpeq                                  0x00006ee1   Thumb Code   120  deqf.o(x$fpl$deqf)
    __aeabi_d2uiz                            0x00006f59   Thumb Code     0  dfixu.o(x$fpl$dfixu)
    _dfixu                                   0x00006f59   Thumb Code    90  dfixu.o(x$fpl$dfixu)
    __aeabi_i2d                              0x00006fb3   Thumb Code     0  dflt_clz.o(x$fpl$dflt)
    _dflt                                    0x00006fb3   Thumb Code    46  dflt_clz.o(x$fpl$dflt)
    __aeabi_ui2d                             0x00006fe1   Thumb Code     0  dflt_clz.o(x$fpl$dfltu)
    _dfltu                                   0x00006fe1   Thumb Code    38  dflt_clz.o(x$fpl$dfltu)
    __aeabi_dmul                             0x00007009   Thumb Code     0  dmul.o(x$fpl$dmul)
    _dmul                                    0x00007009   Thumb Code   332  dmul.o(x$fpl$dmul)
    __fpl_dnaninf                            0x0000715d   Thumb Code   156  dnaninf.o(x$fpl$dnaninf)
    __fpl_dretinf                            0x000071f9   Thumb Code    12  dretinf.o(x$fpl$dretinf)
    __aeabi_dsub                             0x00007205   Thumb Code     0  daddsub_clz.o(x$fpl$dsub)
    _dsub                                    0x00007205   Thumb Code   464  daddsub_clz.o(x$fpl$dsub)
    Region$$Table$$Base                      0x0000d5c8   Number         0  anon$$obj.o(Region$$Table)
    Region$$Table$$Limit                     0x0000d608   Number         0  anon$$obj.o(Region$$Table)
    down_INT0                                0x10000000   Data           4  irq_rit.o(.data)
    down_KEY1                                0x10000004   Data           4  irq_rit.o(.data)
    down_KEY2                                0x10000008   Data           4  irq_rit.o(.data)
    lobby                                    0x1000000c   Data           1  irq_rit.o(.data)
    vert_speed                               0x1000000e   Data           2  flappy_bird.o(.data)
    bird_x                                   0x10000010   Data           2  flappy_bird.o(.data)
    bird_y                                   0x10000012   Data           2  flappy_bird.o(.data)
    clicked                                  0x10000014   Data           1  flappy_bird.o(.data)
    timer_scale                              0x10000015   Data           1  flappy_bird.o(.data)
    pipe_x                                   0x10000016   Data           1  flappy_bird.o(.data)
    pipe_y                                   0x10000017   Data           1  flappy_bird.o(.data)
    score                                    0x10000018   Data           2  flappy_bird.o(.data)
    skipped_pipe                             0x1000001a   Data           1  flappy_bird.o(.data)
    GAME_STATUS                              0x1000001b   Data           1  flappy_bird.o(.data)
    bird_sequence                            0x1000001c   Data           1  resources.o(.data)
    send_data                                0x10000020   Data          20  can_lib.o(.bss)
    SystemFrequency                          0x2007c004   Data           4  system_lpc17xx.o(.data)
    SinTable                                 0x2007c008   Data          90  irq_timer.o(.data)
    rec                                      0x2007c069   Data           1  irq_can.o(.data)
    ch1_count                                0x2007c06a   Data           1  irq_can.o(.data)
    ch2_count                                0x2007c06b   Data           1  irq_can.o(.data)
    ch1_same_lobby_count                     0x2007c06c   Data           1  irq_can.o(.data)
    ch2_same_lobby_count                     0x2007c06d   Data           1  irq_can.o(.data)
    display                                  0x2007c06e   Data           4  touchpanel.o(.data)
    DisplaySample                            0x2007c072   Data          12  touchpanel.o(.data)
    str                                      0x2007c084   Data          40  irq_can.o(.bss)
    matrix                                   0x2007c0b0   Data          56  touchpanel.o(.bss)
    ScreenSample                             0x2007c0e8   Data          12  touchpanel.o(.bss)
    _random_number_data                      0x2007c0f4   Data         228  rand.o(.bss)
    __libspace_start                         0x2007c1d8   Data          96  libspace.o(.bss)
    __temporary_stack_top$libspace           0x2007c238   Data           0  libspace.o(.bss)



==============================================================================

Memory Map of the image

  Image Entry point : 0x000000cd

  Load Region LR_IROM1 (Base: 0x00000000, Size: 0x0000d6ac, Max: 0x00080000, ABSOLUTE)

    Execution Region ER_IROM1 (Exec base: 0x00000000, Load base: 0x00000000, Size: 0x0000d608, Max: 0x00080000, ABSOLUTE)

    Exec Addr    Load Addr    Size         Type   Attr      Idx    E Section Name        Object

    0x00000000   0x00000000   0x000000cc   Data   RO           98    RESET               startup_lpc17xx.o
    0x000000cc   0x000000cc   0x00000008   Code   RO          709  * !!!main             c_w.l(__main.o)
    0x000000d4   0x000000d4   0x00000034   Code   RO          910    !!!scatter          c_w.l(__scatter.o)
    0x00000108   0x00000108   0x0000001a   Code   RO          912    !!handler_copy      c_w.l(__scatter_copy.o)
    0x00000122   0x00000122   0x00000002   PAD
    0x00000124   0x00000124   0x0000001c   Code   RO          914    !!handler_zi        c_w.l(__scatter_zi.o)
    0x00000140   0x00000140   0x00000000   Code   RO          697    .ARM.Collect$$_printf_percent$$00000000  c_w.l(_printf_percent.o)
    0x00000140   0x00000140   0x00000006   Code   RO          696    .ARM.Collect$$_printf_percent$$00000009  c_w.l(_printf_d.o)
    0x00000146   0x00000146   0x00000004   Code   RO          742    .ARM.Collect$$_printf_percent$$00000017  c_w.l(_printf_percent_end.o)
    0x0000014a   0x0000014a   0x00000002   Code   RO          831    .ARM.Collect$$libinit$$00000000  c_w.l(libinit.o)
    0x0000014c   0x0000014c   0x00000000   Code   RO          746    .ARM.Collect$$libinit$$00000002  c_w.l(libinit2.o)
    0x0000014c   0x0000014c   0x00000000   Code   RO          748    .ARM.Collect$$libinit$$00000004  c_w.l(libinit2.o)
    0x0000014c   0x0000014c   0x00000000   Code   RO          751    .ARM.Collect$$libinit$$0000000A  c_w.l(libinit2.o)
    0x0000014c   0x0000014c   0x00000000   Code   RO          753    .ARM.Collect$$libinit$$0000000C  c_w.l(libinit2.o)
    0x0000014c   0x0000014c   0x00000004   Code   RO          754    .ARM.Collect$$libinit$$0000000D  c_w.l(libinit2.o)
    0x00000150   0x00000150   0x00000000   Code   RO          755    .ARM.Collect$$libinit$$0000000E  c_w.l(libinit2.o)
    0x00000150   0x00000150   0x00000000   Code   RO          758    .ARM.Collect$$libinit$$00000011  c_w.l(libinit2.o)
    0x00000150   0x00000150   0x00000000   Code   RO          760    .ARM.Collect$$libinit$$00000013  c_w.l(libinit2.o)
    0x00000150   0x00000150   0x00000000   Code   RO          762    .ARM.Collect$$libinit$$00000015  c_w.l(libinit2.o)
    0x00000150   0x00000150   0x00000000   Code   RO          764    .ARM.Collect$$libinit$$00000017  c_w.l(libinit2.o)
    0x00000150   0x00000150   0x00000000   Code   RO          766    .ARM.Collect$$libinit$$00000019  c_w.l(libinit2.o)
    0x00000150   0x00000150   0x00000000   Code   RO          768    .ARM.Collect$$libinit$$0000001B  c_w.l(libinit2.o)
    0x00000150   0x00000150   0x00000000   Code   RO          770    .ARM.Collect$$libinit$$0000001D  c_w.l(libinit2.o)
    0x00000150   0x00000150   0x00000000   Code   RO          772    .ARM.Collect$$libinit$$0000001F  c_w.l(libinit2.o)
    0x00000150   0x00000150   0x00000000   Code   RO          774    .ARM.Collect$$libinit$$00000021  c_w.l(libinit2.o)
    0x00000150   0x00000150   0x00000000   Code   RO          776    .ARM.Collect$$libinit$$00000023  c_w.l(libinit2.o)
    0x00000150   0x00000150   0x00000000   Code   RO          778    .ARM.Collect$$libinit$$00000025  c_w.l(libinit2.o)
    0x00000150   0x00000150   0x00000000   Code   RO          782    .ARM.Collect$$libinit$$0000002C  c_w.l(libinit2.o)
    0x00000150   0x00000150   0x00000000   Code   RO          784    .ARM.Collect$$libinit$$0000002E  c_w.l(libinit2.o)
    0x00000150   0x00000150   0x00000000   Code   RO          786    .ARM.Collect$$libinit$$00000030  c_w.l(libinit2.o)
    0x00000150   0x00000150   0x00000000   Code   RO          788    .ARM.Collect$$libinit$$00000032  c_w.l(libinit2.o)
    0x00000150   0x00000150   0x00000002   Code   RO          789    .ARM.Collect$$libinit$$00000033  c_w.l(libinit2.o)
    0x00000152   0x00000152   0x00000002   Code   RO          869    .ARM.Collect$$libshutdown$$00000000  c_w.l(libshutdown.o)
    0x00000154   0x00000154   0x00000000   Code   RO          875    .ARM.Collect$$libshutdown$$00000002  c_w.l(libshutdown2.o)
    0x00000154   0x00000154   0x00000000   Code   RO          877    .ARM.Collect$$libshutdown$$00000004  c_w.l(libshutdown2.o)
    0x00000154   0x00000154   0x00000000   Code   RO          879    .ARM.Collect$$libshutdown$$00000006  c_w.l(libshutdown2.o)
    0x00000154   0x00000154   0x00000000   Code   RO          882    .ARM.Collect$$libshutdown$$00000009  c_w.l(libshutdown2.o)
    0x00000154   0x00000154   0x00000000   Code   RO          885    .ARM.Collect$$libshutdown$$0000000C  c_w.l(libshutdown2.o)
    0x00000154   0x00000154   0x00000000   Code   RO          887    .ARM.Collect$$libshutdown$$0000000E  c_w.l(libshutdown2.o)
    0x00000154   0x00000154   0x00000000   Code   RO          890    .ARM.Collect$$libshutdown$$00000011  c_w.l(libshutdown2.o)
    0x00000154   0x00000154   0x00000002   Code   RO          891    .ARM.Collect$$libshutdown$$00000012  c_w.l(libshutdown2.o)
    0x00000156   0x00000156   0x00000000   Code   RO          735    .ARM.Collect$$rtentry$$00000000  c_w.l(__rtentry.o)
    0x00000156   0x00000156   0x00000000   Code   RO          798    .ARM.Collect$$rtentry$$00000002  c_w.l(__rtentry2.o)
    0x00000156   0x00000156   0x00000006   Code   RO          810    .ARM.Collect$$rtentry$$00000004  c_w.l(__rtentry4.o)
    0x0000015c   0x0000015c   0x00000000   Code   RO          800    .ARM.Collect$$rtentry$$00000009  c_w.l(__rtentry2.o)
    0x0000015c   0x0000015c   0x00000004   Code   RO          801    .ARM.Collect$$rtentry$$0000000A  c_w.l(__rtentry2.o)
    0x00000160   0x00000160   0x00000000   Code   RO          803    .ARM.Collect$$rtentry$$0000000C  c_w.l(__rtentry2.o)
    0x00000160   0x00000160   0x00000008   Code   RO          804    .ARM.Collect$$rtentry$$0000000D  c_w.l(__rtentry2.o)
    0x00000168   0x00000168   0x00000002   Code   RO          837    .ARM.Collect$$rtexit$$00000000  c_w.l(rtexit.o)
    0x0000016a   0x0000016a   0x00000000   Code   RO          849    .ARM.Collect$$rtexit$$00000002  c_w.l(rtexit2.o)
    0x0000016a   0x0000016a   0x00000004   Code   RO          850    .ARM.Collect$$rtexit$$00000003  c_w.l(rtexit2.o)
    0x0000016e   0x0000016e   0x00000006   Code   RO          851    .ARM.Collect$$rtexit$$00000004  c_w.l(rtexit2.o)
    0x00000174   0x00000174   0x00000034   Code   RO          698    .emb_text           c_w.l(rand.o)
    0x000001a8   0x000001a8   0x00000020   Code   RO            1    .text               asciilib.o
    0x000001c8   0x000001c8   0x00000034   Code   RO          100    .text               startup_lpc17xx.o
    0x000001fc   0x000001fc   0x000000d4   Code   RO          109    .text               sample.o
    0x000002d0   0x000002d0   0x00000028   Code   RO          670    .text               c_w.l(noretval__2sprintf.o)
    0x000002f8   0x000002f8   0x00000002   Code   RO          845    .text               c_w.l(use_no_semi.o)
    0x000002fa   0x000002fa   0x00000000   Code   RO          847    .text               c_w.l(indicate_semi.o)
    0x000002fa   0x000002fa   0x00000000   Code   RO          796    x$fpl$usenofp       fz_ws.l(usenofp.o)
    0x000002fa   0x000002fa   0x00000002   PAD
    0x000002fc   0x000002fc   0x00000004   Code   RO           99    .ARM.__at_0x02FC    startup_lpc17xx.o
    0x00000300   0x00000300   0x00004144   Code   RO           26    .text               glcd.o
    0x00004444   0x00004444   0x0000022c   Code   RO          166    .text               system_lpc17xx.o
    0x00004670   0x00004670   0x00000098   Code   RO          193    .text               irq_timer.o
    0x00004708   0x00004708   0x0000017c   Code   RO          247    .text               lib_timer.o
    0x00004884   0x00004884   0x00000444   Code   RO          275    .text               can_lib.o
    0x00004cc8   0x00004cc8   0x000002d0   Code   RO          310    .text               irq_can.o
    0x00004f98   0x00004f98   0x000002f0   Code   RO          355    .text               can_func.o
    0x00005288   0x00005288   0x000000b8   Code   RO          380    .text               irq_button.o
    0x00005340   0x00005340   0x000000d4   Code   RO          409    .text               lib_button.o
    0x00005414   0x00005414   0x00000214   Code   RO          433    .text               irq_rit.o
    0x00005628   0x00005628   0x00000094   Code   RO          482    .text               lib_rit.o
    0x000056bc   0x000056bc   0x00000980   Code   RO          561    .text               touchpanel.o
    0x0000603c   0x0000603c   0x00000448   Code   RO          595    .text               flappy_bird.o
    0x00006484   0x00006484   0x00000288   Code   RO          641    .text               resources.o
    0x0000670c   0x0000670c   0x00000068   Code   RO          672    .text               c_w.l(__printf.o)
    0x00006774   0x00006774   0x00000078   Code   RO          674    .text               c_w.l(_printf_dec.o)
    0x000067ec   0x000067ec   0x0000003c   Code   RO          699    .text               c_w.l(rand.o)
    0x00006828   0x00006828   0x0000008a   Code   RO          703    .text               c_w.l(rt_memcpy_v6.o)
    0x000068b2   0x000068b2   0x0000004e   Code   RO          705    .text               c_w.l(rt_memclr_w.o)
    0x00006900   0x00006900   0x00000006   Code   RO          707    .text               c_w.l(heapauxi.o)
    0x00006906   0x00006906   0x000000b2   Code   RO          736    .text               c_w.l(_printf_intcommon.o)
    0x000069b8   0x000069b8   0x00000030   Code   RO          738    .text               c_w.l(_printf_char_common.o)
    0x000069e8   0x000069e8   0x0000000a   Code   RO          740    .text               c_w.l(_sputc.o)
    0x000069f2   0x000069f2   0x00000064   Code   RO          743    .text               c_w.l(rt_memcpy_w.o)
    0x00006a56   0x00006a56   0x0000004a   Code   RO          818    .text               c_w.l(sys_stackheap_outer.o)
    0x00006aa0   0x00006aa0   0x00000012   Code   RO          820    .text               c_w.l(exit.o)
    0x00006ab2   0x00006ab2   0x00000002   PAD
    0x00006ab4   0x00006ab4   0x00000008   Code   RO          834    .text               c_w.l(libspace.o)
    0x00006abc   0x00006abc   0x0000000c   Code   RO          861    .text               c_w.l(sys_exit.o)
    0x00006ac8   0x00006ac8   0x00000150   Code   RO          711    x$fpl$dadd          fz_ws.l(daddsub_clz.o)
    0x00006c18   0x00006c18   0x00000018   Code   RO          790    x$fpl$dcmpinf       fz_ws.l(dcmpi.o)
    0x00006c30   0x00006c30   0x000002b0   Code   RO          718    x$fpl$ddiv          fz_ws.l(ddiv.o)
    0x00006ee0   0x00006ee0   0x00000078   Code   RO          721    x$fpl$deqf          fz_ws.l(deqf.o)
    0x00006f58   0x00006f58   0x0000005a   Code   RO          723    x$fpl$dfixu         fz_ws.l(dfixu.o)
    0x00006fb2   0x00006fb2   0x0000002e   Code   RO          728    x$fpl$dflt          fz_ws.l(dflt_clz.o)
    0x00006fe0   0x00006fe0   0x00000026   Code   RO          727    x$fpl$dfltu         fz_ws.l(dflt_clz.o)
    0x00007006   0x00007006   0x00000002   PAD
    0x00007008   0x00007008   0x00000154   Code   RO          733    x$fpl$dmul          fz_ws.l(dmul.o)
    0x0000715c   0x0000715c   0x0000009c   Code   RO          792    x$fpl$dnaninf       fz_ws.l(dnaninf.o)
    0x000071f8   0x000071f8   0x0000000c   Code   RO          794    x$fpl$dretinf       fz_ws.l(dretinf.o)
    0x00007204   0x00007204   0x000001d4   Code   RO          713    x$fpl$dsub          fz_ws.l(daddsub_clz.o)
    0x000073d8   0x000073d8   0x000005f0   Data   RO            2    .constdata          asciilib.o
    0x000079c8   0x000079c8   0x00005c00   Data   RO          642    .constdata          resources.o
    0x0000d5c8   0x0000d5c8   0x00000040   Data   RO          908    Region$$Table       anon$$obj.o


    Execution Region RW_IRAM1 (Exec base: 0x10000000, Load base: 0x0000d608, Size: 0x00000238, Max: 0x00008000, ABSOLUTE)

    Exec Addr    Load Addr    Size         Type   Attr      Idx    E Section Name        Object

    0x10000000   0x0000d608   0x0000000d   Data   RW          435    .data               irq_rit.o
    0x1000000d   0x0000d615   0x00000001   PAD
    0x1000000e   0x0000d616   0x0000000e   Data   RW          597    .data               flappy_bird.o
    0x1000001c   0x0000d624   0x00000001   Data   RW          643    .data               resources.o
    0x1000001d   0x0000d625   0x00000003   PAD
    0x10000020        -       0x00000014   Zero   RW          276    .bss                can_lib.o
    0x10000034   0x0000d625   0x00000004   PAD
    0x10000038        -       0x00000200   Zero   RW           96    STACK               startup_lpc17xx.o


    Execution Region RW_IRAM2 (Exec base: 0x2007c000, Load base: 0x0000d628, Size: 0x00000238, Max: 0x00008000, ABSOLUTE)

    Exec Addr    Load Addr    Size         Type   Attr      Idx    E Section Name        Object

    0x2007c000   0x0000d628   0x00000001   Data   RW           27    .data               glcd.o
    0x2007c001   0x0000d629   0x00000003   PAD
    0x2007c004   0x0000d62c   0x00000004   Data   RW          167    .data               system_lpc17xx.o
    0x2007c008   0x0000d630   0x00000061   Data   RW          194    .data               irq_timer.o
    0x2007c069   0x0000d691   0x00000005   Data   RW          312    .data               irq_can.o
    0x2007c06e   0x0000d696   0x00000014   Data   RW          563    .data               touchpanel.o
    0x2007c082   0x0000d6aa   0x00000002   PAD
    0x2007c084        -       0x00000028   Zero   RW          311    .bss                irq_can.o
    0x2007c0ac   0x0000d6aa   0x00000004   PAD
    0x2007c0b0        -       0x00000044   Zero   RW          562    .bss                touchpanel.o
    0x2007c0f4        -       0x000000e4   Zero   RW          700    .bss                c_w.l(rand.o)
    0x2007c1d8        -       0x00000060   Zero   RW          835    .bss                c_w.l(libspace.o)
    0x2007c238        -       0x00000000   Zero   RW           97    HEAP                startup_lpc17xx.o


==============================================================================

Image component sizes


      Code (inc. data)   RO Data    RW Data    ZI Data      Debug   Object Name

        32          6       1520          0          0       2463   asciilib.o
       752        108          0          0          0       2450   can_func.o
      1092         42          0          0         20      30832   can_lib.o
      1096        148          0         14          0       3398   flappy_bird.o
     16708        104          0          1          0      43628   glcd.o
       184         28          0          0          0        965   irq_button.o
       720        140          0          5         40       2653   irq_can.o
       532         76          0         13          0       1846   irq_rit.o
       152         30          0         97          0      18621   irq_timer.o
       212         22          0          0          0        922   lib_button.o
       148         14          0          0          0      27451   lib_rit.o
       380         22          0          0          0       1756   lib_timer.o
       648         24      23552          1          0       2714   resources.o
       212         40          0          0          0        507   sample.o
        56         22        204          0        512        968   startup_lpc17xx.o
       556         30          0          4          0        811   system_lpc17xx.o
      2432         72          0         20         68       6166   touchpanel.o

    ----------------------------------------------------------------------
     25912        928      25340        164        648     148151   Object Totals
         0          0         64          0          0          0   (incl. Generated)
         0          0          0          9          8          0   (incl. Padding)

    ----------------------------------------------------------------------

      Code (inc. data)   RO Data    RW Data    ZI Data      Debug   Library Member Name

         8          0          0          0          0         68   __main.o
       104          0          0          0          0         84   __printf.o
         0          0          0          0          0          0   __rtentry.o
        12          0          0          0          0          0   __rtentry2.o
         6          0          0          0          0          0   __rtentry4.o
        52          8          0          0          0          0   __scatter.o
        26          0          0          0          0          0   __scatter_copy.o
        28          0          0          0          0          0   __scatter_zi.o
        48          6          0          0          0         96   _printf_char_common.o
         6          0          0          0          0          0   _printf_d.o
       120         16          0          0          0         92   _printf_dec.o
       178          0          0          0          0         88   _printf_intcommon.o
         0          0          0          0          0          0   _printf_percent.o
         4          0          0          0          0          0   _printf_percent_end.o
        10          0          0          0          0         68   _sputc.o
        18          0          0          0          0         80   exit.o
         6          0          0          0          0        152   heapauxi.o
         0          0          0          0          0          0   indicate_semi.o
         2          0          0          0          0          0   libinit.o
         6          0          0          0          0          0   libinit2.o
         2          0          0          0          0          0   libshutdown.o
         2          0          0          0          0          0   libshutdown2.o
         8          4          0          0         96         68   libspace.o
        40          6          0          0          0         84   noretval__2sprintf.o
       112         18          0          0        228        160   rand.o
        78          0          0          0          0         80   rt_memclr_w.o
       138          0          0          0          0         68   rt_memcpy_v6.o
       100          0          0          0          0         80   rt_memcpy_w.o
         2          0          0          0          0          0   rtexit.o
        10          0          0          0          0          0   rtexit2.o
        12          4          0          0          0         68   sys_exit.o
        74          0          0          0          0         80   sys_stackheap_outer.o
         2          0          0          0          0         68   use_no_semi.o
       804         16          0          0          0        272   daddsub_clz.o
        24          0          0          0          0         68   dcmpi.o
       688        140          0          0          0        208   ddiv.o
       120          4          0          0          0         92   deqf.o
        90          4          0          0          0         92   dfixu.o
        84          0          0          0          0        136   dflt_clz.o
       340         12          0          0          0        104   dmul.o
       156          4          0          0          0         92   dnaninf.o
        12          0          0          0          0         68   dretinf.o
         0          0          0          0          0          0   usenofp.o

    ----------------------------------------------------------------------
      3540        242          0          0        324       2616   Library Totals
         8          0          0          0          0          0   (incl. Padding)

    ----------------------------------------------------------------------

      Code (inc. data)   RO Data    RW Data    ZI Data      Debug   Library Name

      1214         62          0          0        324       1484   c_w.l
      2318        180          0          0          0       1132   fz_ws.l

    ----------------------------------------------------------------------
      3540        242          0          0        324       2616   Library Totals

    ----------------------------------------------------------------------

==============================================================================


      Code (inc. data)   RO Data    RW Data    ZI Data      Debug   

     29452       1170      25340        164        972     148527   Grand Totals
     29452       1170      25340        164        972     148527   ELF Image Totals
     29452       1170      25340        164          0          0   ROM Totals

==============================================================================

    Total RO  Size (Code + RO Data)                54792 (  53.51kB)
    Total RW  Size (RW Data + ZI Data)              1136 (   1.11kB)
    Total ROM Size (Code + RO Data + RW Data)      54956 (  53.67kB)

==============================================================================

